Component: ARM Compiler 5.06 update 7 (build 960) Tool: armlink [4d3601]

==============================================================================

Section Cross References

    startup_stm32f103xb.o(STACK) refers (Special) to heapauxi.o(.text) for __use_two_region_memory
    startup_stm32f103xb.o(HEAP) refers (Special) to heapauxi.o(.text) for __use_two_region_memory
    startup_stm32f103xb.o(RESET) refers (Special) to heapauxi.o(.text) for __use_two_region_memory
    startup_stm32f103xb.o(RESET) refers to startup_stm32f103xb.o(STACK) for __initial_sp
    startup_stm32f103xb.o(RESET) refers to startup_stm32f103xb.o(.text) for Reset_Handler
    startup_stm32f103xb.o(RESET) refers to stm32f1xx_it.o(i.NMI_Handler) for NMI_Handler
    startup_stm32f103xb.o(RESET) refers to stm32f1xx_it.o(i.HardFault_Handler) for HardFault_Handler
    startup_stm32f103xb.o(RESET) refers to stm32f1xx_it.o(i.MemManage_Handler) for MemManage_Handler
    startup_stm32f103xb.o(RESET) refers to stm32f1xx_it.o(i.BusFault_Handler) for BusFault_Handler
    startup_stm32f103xb.o(RESET) refers to stm32f1xx_it.o(i.UsageFault_Handler) for UsageFault_Handler
    startup_stm32f103xb.o(RESET) refers to port.o(.emb_text) for SVC_Handler
    startup_stm32f103xb.o(RESET) refers to stm32f1xx_it.o(i.DebugMon_Handler) for DebugMon_Handler
    startup_stm32f103xb.o(RESET) refers to port.o(i.SysTick_Handler) for SysTick_Handler
    startup_stm32f103xb.o(RESET) refers to stm32f1xx_it.o(i.TIM4_IRQHandler) for TIM4_IRQHandler
    startup_stm32f103xb.o(RESET) refers to stm32f1xx_it.o(i.EXTI15_10_IRQHandler) for EXTI15_10_IRQHandler
    startup_stm32f103xb.o(.text) refers (Special) to heapauxi.o(.text) for __use_two_region_memory
    startup_stm32f103xb.o(.text) refers to system_stm32f1xx.o(i.SystemInit) for SystemInit
    startup_stm32f103xb.o(.text) refers to __main.o(!!!main) for __main
    startup_stm32f103xb.o(.text) refers to startup_stm32f103xb.o(HEAP) for Heap_Mem
    startup_stm32f103xb.o(.text) refers to startup_stm32f103xb.o(STACK) for Stack_Mem
    main.o(i.HAL_TIM_PeriodElapsedCallback) refers to stm32f1xx_hal.o(i.HAL_IncTick) for HAL_IncTick
    main.o(i.SystemClock_Config) refers to rt_memclr_w.o(.text) for __aeabi_memclr4
    main.o(i.SystemClock_Config) refers to stm32f1xx_hal_rcc.o(i.HAL_RCC_OscConfig) for HAL_RCC_OscConfig
    main.o(i.SystemClock_Config) refers to stm32f1xx_hal_rcc.o(i.HAL_RCC_ClockConfig) for HAL_RCC_ClockConfig
    main.o(i.main) refers to stm32f1xx_hal.o(i.HAL_Init) for HAL_Init
    main.o(i.main) refers to main.o(i.SystemClock_Config) for SystemClock_Config
    main.o(i.main) refers to gpio.o(i.MX_GPIO_Init) for MX_GPIO_Init
    main.o(i.main) refers to usart.o(i.MX_USART1_UART_Init) for MX_USART1_UART_Init
    main.o(i.main) refers to tim.o(i.MX_TIM2_Init) for MX_TIM2_Init
    main.o(i.main) refers to usart.o(i.MX_USART3_UART_Init) for MX_USART3_UART_Init
    main.o(i.main) refers to freertos.o(i.MX_FREERTOS_Init) for MX_FREERTOS_Init
    main.o(i.main) refers to cmsis_os.o(i.osKernelStart) for osKernelStart
    gpio.o(i.MX_GPIO_Init) refers to stm32f1xx_hal_gpio.o(i.HAL_GPIO_WritePin) for HAL_GPIO_WritePin
    gpio.o(i.MX_GPIO_Init) refers to stm32f1xx_hal_gpio.o(i.HAL_GPIO_Init) for HAL_GPIO_Init
    gpio.o(i.MX_GPIO_Init) refers to stm32f1xx_hal_cortex.o(i.HAL_NVIC_SetPriority) for HAL_NVIC_SetPriority
    gpio.o(i.MX_GPIO_Init) refers to stm32f1xx_hal_cortex.o(i.HAL_NVIC_EnableIRQ) for HAL_NVIC_EnableIRQ
    freertos.o(i.MX_FREERTOS_Init) refers to oled.o(i.OLED_Init) for OLED_Init
    freertos.o(i.MX_FREERTOS_Init) refers to oled.o(i.OLED_Clear) for OLED_Clear
    freertos.o(i.MX_FREERTOS_Init) refers to dht11.o(i.DHT11_Init) for DHT11_Init
    freertos.o(i.MX_FREERTOS_Init) refers to ir_receiver.o(i.IRReceiver_Init) for IRReceiver_Init
    freertos.o(i.MX_FREERTOS_Init) refers to bh1750.o(i.BH1750_Init) for BH1750_Init
    freertos.o(i.MX_FREERTOS_Init) refers to queue.o(i.xQueueCreateMutex) for xQueueCreateMutex
    freertos.o(i.MX_FREERTOS_Init) refers to queue.o(i.xQueueGenericSend) for xQueueGenericSend
    freertos.o(i.MX_FREERTOS_Init) refers to cmsis_os.o(i.osMessageCreate) for osMessageCreate
    freertos.o(i.MX_FREERTOS_Init) refers to queue.o(i.xQueueGenericCreate) for xQueueGenericCreate
    freertos.o(i.MX_FREERTOS_Init) refers to tasks.o(i.xTaskCreate) for xTaskCreate
    freertos.o(i.MX_FREERTOS_Init) refers to freertos.o(.data) for .data
    freertos.o(i.MX_FREERTOS_Init) refers to freertos.o(.constdata) for .constdata
    freertos.o(i.MX_FREERTOS_Init) refers to freertos.o(i.task_get_sensor_data) for task_get_sensor_data
    freertos.o(i.MX_FREERTOS_Init) refers to freertos.o(i.task_oled_show) for task_oled_show
    freertos.o(i.MX_FREERTOS_Init) refers to freertos.o(i.task_thresholds) for task_thresholds
    freertos.o(i.MX_FREERTOS_Init) refers to freertos.o(i.task_temp_thresholds) for task_temp_thresholds
[...]
    _fp_trap_init                             - Undefined Weak Reference
    _fp_trap_shutdown                         - Undefined Weak Reference
    _get_lc_collate                           - Undefined Weak Reference
    _get_lc_ctype                             - Undefined Weak Reference
    _get_lc_monetary                          - Undefined Weak Reference
    _get_lc_numeric                           - Undefined Weak Reference
    _get_lc_time                              - Undefined Weak Reference
    _getenv_init                              - Undefined Weak Reference
    _handle_redirection                       - Undefined Weak Reference
    _mutex_acquire                            - Undefined Weak Reference
    _mutex_free                               - Undefined Weak Reference
    _mutex_release                            - Undefined Weak Reference
    _printf_mbtowc                            - Undefined Weak Reference
    _printf_truncate_signed                   - Undefined Weak Reference
    _printf_truncate_unsigned                 - Undefined Weak Reference
    _rand_init                                - Undefined Weak Reference
    _signal_finish                            - Undefined Weak Reference
    _signal_init                              - Undefined Weak Reference
    __Vectors_Size                           0x000000ec   Number         0  startup_stm32f103xb.o ABSOLUTE
    __Vectors                                0x08000000   Data           4  startup_stm32f103xb.o(RESET)
    __Vectors_End                            0x080000ec   Data           0  startup_stm32f103xb.o(RESET)
    __main                                   0x080000ed   Thumb Code     8  __main.o(!!!main)
    __scatterload                            0x080000f5   Thumb Code     0  __scatter.o(!!!scatter)
    __scatterload_rt2                        0x080000f5   Thumb Code    44  __scatter.o(!!!scatter)
    __scatterload_rt2_thumb_only             0x080000f5   Thumb Code     0  __scatter.o(!!!scatter)
    __scatterload_null                       0x08000103   Thumb Code     0  __scatter.o(!!!scatter)
    __scatterload_copy                       0x08000129   Thumb Code    26  __scatter_copy.o(!!handler_copy)
    __scatterload_zeroinit                   0x08000145   Thumb Code    28  __scatter_zi.o(!!handler_zi)
    _printf_d                                0x08000161   Thumb Code     0  _printf_d.o(.ARM.Collect$$_printf_percent$$00000009)
    _printf_percent                          0x08000161   Thumb Code     0  _printf_percent.o(.ARM.Collect$$_printf_percent$$00000000)
    _printf_s                                0x08000167   Thumb Code     0  _printf_s.o(.ARM.Collect$$_printf_percent$$00000014)
    _printf_percent_end                      0x0800016d   Thumb Code     0  _printf_percent_end.o(.ARM.Collect$$_printf_percent$$00000017)
    __rt_lib_init                            0x08000171   Thumb Code     0  libinit.o(.ARM.Collect$$libinit$$00000000)
    __rt_lib_init_alloca_1                   0x08000173   Thumb Code     0  libinit2.o(.ARM.Collect$$libinit$$0000002E)
    __rt_lib_init_argv_1                     0x08000173   Thumb Code     0  libinit2.o(.ARM.Collect$$libinit$$0000002C)
    __rt_lib_init_atexit_1                   0x08000173   Thumb Code     0  libinit2.o(.ARM.Collect$$libinit$$0000001B)
    __rt_lib_init_clock_1                    0x08000173   Thumb Code     0  libinit2.o(.ARM.Collect$$libinit$$00000021)
    __rt_lib_init_cpp_1                      0x08000173   Thumb Code     0  libinit2.o(.ARM.Collect$$libinit$$00000032)
    __rt_lib_init_exceptions_1               0x08000173   Thumb Code     0  libinit2.o(.ARM.Collect$$libinit$$00000030)
    __rt_lib_init_fp_1                       0x08000173   Thumb Code     0  libinit2.o(.ARM.Collect$$libinit$$00000002)
    __rt_lib_init_fp_trap_1                  0x08000173   Thumb Code     0  libinit2.o(.ARM.Collect$$libinit$$0000001F)
    __rt_lib_init_getenv_1                   0x08000173   Thumb Code     0  libinit2.o(.ARM.Collect$$libinit$$00000023)
    __rt_lib_init_heap_1                     0x08000173   Thumb Code     0  libinit2.o(.ARM.Collect$$libinit$$0000000A)
    __rt_lib_init_lc_collate_1               0x08000173   Thumb Code     0  libinit2.o(.ARM.Collect$$libinit$$00000011)
    __rt_lib_init_lc_ctype_1                 0x08000173   Thumb Code     0  libinit2.o(.ARM.Collect$$libinit$$00000013)
    __rt_lib_init_lc_monetary_1              0x08000173   Thumb Code     0  libinit2.o(.ARM.Collect$$libinit$$00000015)
    __rt_lib_init_lc_numeric_1               0x08000173   Thumb Code     0  libinit2.o(.ARM.Collect$$libinit$$00000017)
    __rt_lib_init_lc_time_1                  0x08000173   Thumb Code     0  libinit2.o(.ARM.Collect$$libinit$$00000019)
    __rt_lib_init_preinit_1                  0x08000173   Thumb Code     0  libinit2.o(.ARM.Collect$$libinit$$00000004)
    __rt_lib_init_rand_1                     0x08000173   Thumb Code     0  libinit2.o(.ARM.Collect$$libinit$$0000000E)
    __rt_lib_init_return                     0x08000173   Thumb Code     0  libinit2.o(.ARM.Collect$$libinit$$00000033)
    __rt_lib_init_signal_1                   0x08000173   Thumb Code     0  libinit2.o(.ARM.Collect$$libinit$$0000001D)
    __rt_lib_init_stdio_1                    0x08000173   Thumb Code     0  libinit2.o(.ARM.Collect$$libinit$$00000025)
    __rt_lib_init_user_alloc_1               0x08000173   Thumb Code     0  libinit2.o(.ARM.Collect$$libinit$$0000000C)
    __rt_lib_shutdown                        0x08000175   Thumb Code     0  libshutdown.o(.ARM.Collect$$libshutdown$$00000000)
    __rt_lib_shutdown_cpp_1                  0x08000177   Thumb Code     0  libshutdown2.o(.ARM.Collect$$libshutdown$$00000004)
    __rt_lib_shutdown_fini_1                 0x08000177   Thumb Code     0  libshutdown2.o(.ARM.Collect$$libshutdown$$00000002)
    __rt_lib_shutdown_fp_trap_1              0x08000177   Thumb Code     0  libshutdown2.o(.ARM.Collect$$libshutdown$$00000009)
    __rt_lib_shutdown_heap_1                 0x08000177   Thumb Code     0  libshutdown2.o(.ARM.Collect$$libshutdown$$00000011)
    __rt_lib_shutdown_return                 0x08000177   Thumb Code     0  libshutdown2.o(.ARM.Collect$$libshutdown$$00000012)
    __rt_lib_shutdown_signal_1               0x08000177   Thumb Code     0  libshutdown2.o(.ARM.Collect$$libshutdown$$0000000C)
    __rt_lib_shutdown_stdio_1                0x08000177   Thumb Code     0  libshutdown2.o(.ARM.Collect$$libshutdown$$00000006)
    __rt_lib_shutdown_user_alloc_1           0x08000177   Thumb Code     0  libshutdown2.o(.ARM.Collect$$libshutdown$$0000000E)
    __rt_entry                               0x08000179   Thumb Code     0  __rtentry.o(.ARM.Collect$$rtentry$$00000000)
    __rt_entry_presh_1                       0x08000179   Thumb Code     0  __rtentry2.o(.ARM.Collect$$rtentry$$00000002)
    __rt_entry_sh                            0x08000179   Thumb Code     0  __rtentry4.o(.ARM.Collect$$rtentry$$00000004)
    __rt_entry_li                            0x0800017f   Thumb Code     0  __rtentry2.o(.ARM.Collect$$rtentry$$0000000A)
    __rt_entry_postsh_1                      0x0800017f   Thumb Code     0  __rtentry2.o(.ARM.Collect$$rtentry$$00000009)
    __rt_entry_main                          0x08000183   Thumb Code     0  __rtentry2.o(.ARM.Collect$$rtentry$$0000000D)
    __rt_entry_postli_1                      0x08000183   Thumb Code     0  __rtentry2.o(.ARM.Collect$$rtentry$$0000000C)
    __rt_exit                                0x0800018b   Thumb Code     0  rtexit.o(.ARM.Collect$$rtexit$$00000000)
    __rt_exit_ls                             0x0800018d   Thumb Code     0  rtexit2.o(.ARM.Collect$$rtexit$$00000003)
    __rt_exit_prels_1                        0x0800018d   Thumb Code     0  rtexit2.o(.ARM.Collect$$rtexit$$00000002)
    __rt_exit_exit                           0x08000191   Thumb Code     0  rtexit2.o(.ARM.Collect$$rtexit$$00000004)
    SVC_Handler                              0x08000199   Thumb Code    32  port.o(.emb_text)
    __asm___6_port_c_39a90d8d__prvStartFirstTask 0x080001bd   Thumb Code    28  port.o(.emb_text)
    PendSV_Handler                           0x080001dd   Thumb Code    72  port.o(.emb_text)
    vPortGetIPSR                             0x08000229   Thumb Code     6  port.o(.emb_text)
    Reset_Handler                            0x08000231   Thumb Code     8  startup_stm32f103xb.o(.text)
    ADC1_2_IRQHandler                        0x0800024b   Thumb Code     0  startup_stm32f103xb.o(.text)
    CAN1_RX1_IRQHandler                      0x0800024b   Thumb Code     0  startup_stm32f103xb.o(.text)
    CAN1_SCE_IRQHandler                      0x0800024b   Thumb Code     0  startup_stm32f103xb.o(.text)
    DMA1_Channel1_IRQHandler                 0x0800024b   Thumb Code     0  startup_stm32f103xb.o(.text)
    DMA1_Channel2_IRQHandler                 0x0800024b   Thumb Code     0  startup_stm32f103xb.o(.text)
    DMA1_Channel3_IRQHandler                 0x0800024b   Thumb Code     0  startup_stm32f103xb.o(.text)
    DMA1_Channel4_IRQHandler                 0x0800024b   Thumb Code     0  startup_stm32f103xb.o(.text)
    DMA1_Channel5_IRQHandler                 0x0800024b   Thumb Code     0  startup_stm32f103xb.o(.text)
    DMA1_Channel6_IRQHandler                 0x0800024b   Thumb Code     0  startup_stm32f103xb.o(.text)
    DMA1_Channel7_IRQHandler                 0x0800024b   Thumb Code     0  startup_stm32f103xb.o(.text)
    EXTI0_IRQHandler                         0x0800024b   Thumb Code     0  startup_stm32f103xb.o(.text)
    EXTI1_IRQHandler                         0x0800024b   Thumb Code     0  startup_stm32f103xb.o(.text)
    EXTI2_IRQHandler                         0x0800024b   Thumb Code     0  startup_stm32f103xb.o(.text)
    EXTI3_IRQHandler                         0x0800024b   Thumb Code     0  startup_stm32f103xb.o(.text)
    EXTI4_IRQHandler                         0x0800024b   Thumb Code     0  startup_stm32f103xb.o(.text)
    EXTI9_5_IRQHandler                       0x0800024b   Thumb Code     0  startup_stm32f103xb.o(.text)
    FLASH_IRQHandler                         0x0800024b   Thumb Code     0  startup_stm32f103xb.o(.text)
    I2C1_ER_IRQHandler                       0x0800024b   Thumb Code     0  startup_stm32f103xb.o(.text)
    I2C1_EV_IRQHandler                       0x0800024b   Thumb Code     0  startup_stm32f103xb.o(.text)
    I2C2_ER_IRQHandler                       0x0800024b   Thumb Code     0  startup_stm32f103xb.o(.text)
    I2C2_EV_IRQHandler                       0x0800024b   Thumb Code     0  startup_stm32f103xb.o(.text)
    PVD_IRQHandler                           0x0800024b   Thumb Code     0  startup_stm32f103xb.o(.text)
    RCC_IRQHandler                           0x0800024b   Thumb Code     0  startup_stm32f103xb.o(.text)
    RTC_Alarm_IRQHandler                     0x0800024b   Thumb Code     0  startup_stm32f103xb.o(.text)
    RTC_IRQHandler                           0x0800024b   Thumb Code     0  startup_stm32f103xb.o(.text)
    SPI1_IRQHandler                          0x0800024b   Thumb Code     0  startup_stm32f103xb.o(.text)
    SPI2_IRQHandler                          0x0800024b   Thumb Code     0  startup_stm32f103xb.o(.text)
    TAMPER_IRQHandler                        0x0800024b   Thumb Code     0  startup_stm32f103xb.o(.text)
    TIM1_BRK_IRQHandler                      0x0800024b   Thumb Code     0  startup_stm32f103xb.o(.text)
    TIM1_CC_IRQHandler                       0x0800024b   Thumb Code     0  startup_stm32f103xb.o(.text)
    TIM1_TRG_COM_IRQHandler                  0x0800024b   Thumb Code     0  startup_stm32f103xb.o(.text)
    TIM1_UP_IRQHandler                       0x0800024b   Thumb Code     0  startup_stm32f103xb.o(.text)
    TIM2_IRQHandler                          0x0800024b   Thumb Code     0  startup_stm32f103xb.o(.text)
    TIM3_IRQHandler                          0x0800024b   Thumb Code     0  startup_stm32f103xb.o(.text)
    USART1_IRQHandler                        0x0800024b   Thumb Code     0  startup_stm32f103xb.o(.text)
    USART2_IRQHandler                        0x0800024b   Thumb Code     0  startup_stm32f103xb.o(.text)
    USART3_IRQHandler                        0x0800024b   Thumb Code     0  startup_stm32f103xb.o(.text)
    USBWakeUp_IRQHandler                     0x0800024b   Thumb Code     0  startup_stm32f103xb.o(.text)
    USB_HP_CAN1_TX_IRQHandler                0x0800024b   Thumb Code     0  startup_stm32f103xb.o(.text)
    USB_LP_CAN1_RX0_IRQHandler               0x0800024b   Thumb Code     0  startup_stm32f103xb.o(.text)
    WWDG_IRQHandler                          0x0800024b   Thumb Code     0  startup_stm32f103xb.o(.text)
    __user_initial_stackheap                 0x0800024d   Thumb Code     0  startup_stm32f103xb.o(.text)
    __aeabi_uldivmod                         0x08000271   Thumb Code     0  lludivv7m.o(.text)
    _ll_udiv                                 0x08000271   Thumb Code   238  lludivv7m.o(.text)
    __2sprintf                               0x08000361   Thumb Code    34  noretval__2sprintf.o(.text)
    _printf_pre_padding                      0x08000389   Thumb Code    44  _printf_pad.o(.text)
    _printf_post_padding                     0x080003b5   Thumb Code    34  _printf_pad.o(.text)
    _printf_str                              0x080003d7   Thumb Code    82  _printf_str.o(.text)
    _printf_int_dec                          0x08000429   Thumb Code   104  _printf_dec.o(.text)
    __printf                                 0x080004a1   Thumb Code   308  __printf_flags_wp.o(.text)
    strstr                                   0x080005d9   Thumb Code    36  strstr.o(.text)
    strcpy                                   0x080005fd   Thumb Code    72  strcpy.o(.text)
    strlen                                   0x08000645   Thumb Code    62  strlen.o(.text)
    __aeabi_memcpy                           0x08000683   Thumb Code     0  rt_memcpy_v6.o(.text)
    __rt_memcpy                              0x08000683   Thumb Code   138  rt_memcpy_v6.o(.text)
    _memcpy_lastbytes                        0x080006e9   Thumb Code     0  rt_memcpy_v6.o(.text)
    __aeabi_memcpy4                          0x0800070d   Thumb Code     0  rt_memcpy_w.o(.text)
    __aeabi_memcpy8                          0x0800070d   Thumb Code     0  rt_memcpy_w.o(.text)
    __rt_memcpy_w                            0x0800070d   Thumb Code   100  rt_memcpy_w.o(.text)
    _memcpy_lastbytes_aligned                0x08000755   Thumb Code     0  rt_memcpy_w.o(.text)
    __aeabi_memset                           0x08000771   Thumb Code    16  aeabi_memset.o(.text)
    __aeabi_memclr                           0x08000781   Thumb Code     0  rt_memclr.o(.text)
    __rt_memclr                              0x08000781   Thumb Code    68  rt_memclr.o(.text)
    _memset                                  0x08000785   Thumb Code     0  rt_memclr.o(.text)
    __aeabi_memclr4                          0x080007c5   Thumb Code     0  rt_memclr_w.o(.text)
    __aeabi_memclr8                          0x080007c5   Thumb Code     0  rt_memclr_w.o(.text)
    __rt_memclr_w                            0x080007c5   Thumb Code    78  rt_memclr_w.o(.text)
    _memset_w                                0x080007c9   Thumb Code     0  rt_memclr_w.o(.text)
    __use_two_region_memory                  0x08000813   Thumb Code     2  heapauxi.o(.text)
    __rt_heap_escrow                         0x08000815   Thumb Code     2  heapauxi.o(.text)
    __rt_heap_expand                         0x08000817   Thumb Code     2  heapauxi.o(.text)
    __read_errno                             0x08000819   Thumb Code    10  _rserrno.o(.text)
    __set_errno                              0x08000823   Thumb Code    12  _rserrno.o(.text)
    _printf_int_common                       0x0800082f   Thumb Code   178  _printf_intcommon.o(.text)
    _printf_char_common                      0x080008eb   Thumb Code    32  _printf_char_common.o(.text)
    _sputc                                   0x08000911   Thumb Code    10  _sputc.o(.text)
    _printf_cs_common                        0x0800091b   Thumb Code    20  _printf_char.o(.text)
    _printf_char                             0x0800092f   Thumb Code    16  _printf_char.o(.text)
    _printf_string                           0x0800093f   Thumb Code     8  _printf_char.o(.text)
    __aeabi_errno_addr                       0x08000949   Thumb Code     8  rt_errno_addr_intlibspace.o(.text)
    __errno$intlibspace                      0x08000949   Thumb Code     0  rt_errno_addr_intlibspace.o(.text)
    __rt_errno_addr$intlibspace              0x08000949   Thumb Code     0  rt_errno_addr_intlibspace.o(.text)
    __user_libspace                          0x08000951   Thumb Code     8  libspace.o(.text)
    __user_perproc_libspace                  0x08000951   Thumb Code     0  libspace.o(.text)
    __user_perthread_libspace                0x08000951   Thumb Code     0  libspace.o(.text)
    __user_setup_stackheap                   0x08000959   Thumb Code    74  sys_stackheap_outer.o(.text)
    exit                                     0x080009a3   Thumb Code    18  exit.o(.text)
    __I$use$semihosting                      0x080009b5   Thumb Code     0  use_no_semi.o(.text)
    __use_no_semihosting_swi                 0x080009b5   Thumb Code     2  use_no_semi.o(.text)
    __semihosting_library_function           0x080009b7   Thumb Code     0  indicate_semi.o(.text)
    _sys_exit                                0x080009b9   Thumb Code     8  sys_exit.o(.text)
    ANO_DT_Send_F2                           0x080009c5   Thumb Code   122  super_pc.o(i.ANO_DT_Send_F2)
    BH1750_Init                              0x08000a49   Thumb Code    24  bh1750.o(i.BH1750_Init)
    BH1750_ReadLight                         0x08000a61   Thumb Code    28  bh1750.o(i.BH1750_ReadLight)
    BH1750_ReadReg                           0x08000a81   Thumb Code    52  bh1750.o(i.BH1750_ReadReg)
    BH1750_WriteReg                          0x08000ab5   Thumb Code    36  bh1750.o(i.BH1750_WriteReg)
    Buffer_Clip_Print                        0x08000ad9   Thumb Code     2  buffer.o(i.Buffer_Clip_Print)
    Buffer_Length                            0x08000adb   Thumb Code    22  buffer.o(i.Buffer_Length)
    Buffer_Pop_All                           0x08000af1   Thumb Code   132  buffer.o(i.Buffer_Pop_All)
    Buffer_Reset                             0x08000b75   Thumb Code    14  buffer.o(i.Buffer_Reset)
    BusFault_Handler                         0x08000b83   Thumb Code     2  stm32f1xx_it.o(i.BusFault_Handler)
    Buzzer_200ms                             0x08000b85   Thumb Code    38  buzzer.o(i.Buzzer_200ms)
    Chip_Reset                               0x08000bb1   Thumb Code    12  buffer.o(i.Chip_Reset)
    DHT11_Init                               0x08000bbd   Thumb Code     6  dht11.o(i.DHT11_Init)
    DHT11_Read                               0x08000bf5   Thumb Code   138  dht11.o(i.DHT11_Read)
    DebugMon_Handler                         0x08000cef   Thumb Code     2  stm32f1xx_it.o(i.DebugMon_Handler)
    ESP8266_Connect_TCP                      0x08000cf1   Thumb Code    56  esp8266.o(i.ESP8266_Connect_TCP)
    ESP8266_Send_Cmd                         0x08000d4d   Thumb Code   108  esp8266.o(i.ESP8266_Send_Cmd)
    ESP8266_Send_Cmd_GetAck                  0x08000dc9   Thumb Code   104  esp8266.o(i.ESP8266_Send_Cmd_GetAck)
    ESP8266_Send_String                      0x08000e41   Thumb Code    44  esp8266.o(i.ESP8266_Send_String)
    ESP8266_Set_Echo_Off                     0x08000e71   Thumb Code    20  esp8266.o(i.ESP8266_Set_Echo_Off)
    EXTI15_10_IRQHandler                     0x08000e8d   Thumb Code     8  stm32f1xx_it.o(i.EXTI15_10_IRQHandler)
    Error_Handler                            0x08000e95   Thumb Code     4  main.o(i.Error_Handler)
    HAL_Delay                                0x08000ec5   Thumb Code    32  stm32f1xx_hal.o(i.HAL_Delay)
    HAL_GPIO_EXTI_Callback                   0x08000ee9   Thumb Code    12  ir_receiver.o(i.HAL_GPIO_EXTI_Callback)
    HAL_GPIO_EXTI_IRQHandler                 0x08000ef5   Thumb Code    18  stm32f1xx_hal_gpio.o(i.HAL_GPIO_EXTI_IRQHandler)
    HAL_GPIO_Init                            0x08000f0d   Thumb Code   446  stm32f1xx_hal_gpio.o(i.HAL_GPIO_Init)
    HAL_GPIO_ReadPin                         0x080010ed   Thumb Code    10  stm32f1xx_hal_gpio.o(i.HAL_GPIO_ReadPin)
    HAL_GPIO_WritePin                        0x080010f7   Thumb Code    10  stm32f1xx_hal_gpio.o(i.HAL_GPIO_WritePin)
    HAL_GetTick                              0x08001101   Thumb Code     6  stm32f1xx_hal.o(i.HAL_GetTick)
    HAL_IncTick                              0x0800110d   Thumb Code    12  stm32f1xx_hal.o(i.HAL_IncTick)
    HAL_Init                                 0x0800111d   Thumb Code    32  stm32f1xx_hal.o(i.HAL_Init)
    HAL_InitTick                             0x08001141   Thumb Code   132  stm32f1xx_hal_timebase_tim.o(i.HAL_InitTick)
    HAL_MspInit                              0x080011d9   Thumb Code    62  stm32f1xx_hal_msp.o(i.HAL_MspInit)
    HAL_NVIC_EnableIRQ                       0x08001221   Thumb Code    26  stm32f1xx_hal_cortex.o(i.HAL_NVIC_EnableIRQ)
    HAL_NVIC_SetPriority                     0x0800123d   Thumb Code    60  stm32f1xx_hal_cortex.o(i.HAL_NVIC_SetPriority)
    HAL_NVIC_SetPriorityGrouping             0x0800127d   Thumb Code    26  stm32f1xx_hal_cortex.o(i.HAL_NVIC_SetPriorityGrouping)
    HAL_RCC_ClockConfig                      0x080012a1   Thumb Code   280  stm32f1xx_hal_rcc.o(i.HAL_RCC_ClockConfig)
    HAL_RCC_GetClockConfig                   0x080013cd   Thumb Code    54  stm32f1xx_hal_rcc.o(i.HAL_RCC_GetClockConfig)
    HAL_RCC_GetPCLK1Freq                     0x0800140d   Thumb Code    20  stm32f1xx_hal_rcc.o(i.HAL_RCC_GetPCLK1Freq)
    HAL_RCC_GetPCLK2Freq                     0x0800142d   Thumb Code    20  stm32f1xx_hal_rcc.o(i.HAL_RCC_GetPCLK2Freq)
    HAL_RCC_GetSysClockFreq                  0x0800144d   Thumb Code    58  stm32f1xx_hal_rcc.o(i.HAL_RCC_GetSysClockFreq)
    HAL_RCC_OscConfig                        0x08001499   Thumb Code   778  stm32f1xx_hal_rcc.o(i.HAL_RCC_OscConfig)
    HAL_TIMEx_BreakCallback                  0x080017b9   Thumb Code     2  stm32f1xx_hal_tim_ex.o(i.HAL_TIMEx_BreakCallback)
    HAL_TIMEx_CommutCallback                 0x080017bb   Thumb Code     2  stm32f1xx_hal_tim_ex.o(i.HAL_TIMEx_CommutCallback)
    HAL_TIMEx_MasterConfigSynchronization    0x080017bd   Thumb Code    92  stm32f1xx_hal_tim_ex.o(i.HAL_TIMEx_MasterConfigSynchronization)
    HAL_TIM_Base_Init                        0x08001825   Thumb Code    90  stm32f1xx_hal_tim.o(i.HAL_TIM_Base_Init)
    HAL_TIM_Base_MspInit                     0x08001881   Thumb Code    30  tim.o(i.HAL_TIM_Base_MspInit)
    HAL_TIM_Base_Start_IT                    0x080018a5   Thumb Code    76  stm32f1xx_hal_tim.o(i.HAL_TIM_Base_Start_IT)
    HAL_TIM_ConfigClockSource                0x080018fd   Thumb Code   220  stm32f1xx_hal_tim.o(i.HAL_TIM_ConfigClockSource)
    HAL_TIM_IC_CaptureCallback               0x080019d9   Thumb Code     2  stm32f1xx_hal_tim.o(i.HAL_TIM_IC_CaptureCallback)
    HAL_TIM_IRQHandler                       0x080019db   Thumb Code   304  stm32f1xx_hal_tim.o(i.HAL_TIM_IRQHandler)
    HAL_TIM_MspPostInit                      0x08001b0d   Thumb Code    62  tim.o(i.HAL_TIM_MspPostInit)
    HAL_TIM_OC_DelayElapsedCallback          0x08001b55   Thumb Code     2  stm32f1xx_hal_tim.o(i.HAL_TIM_OC_DelayElapsedCallback)
    HAL_TIM_PWM_ConfigChannel                0x08001b57   Thumb Code   204  stm32f1xx_hal_tim.o(i.HAL_TIM_PWM_ConfigChannel)
    HAL_TIM_PWM_Init                         0x08001c23   Thumb Code    90  stm32f1xx_hal_tim.o(i.HAL_TIM_PWM_Init)
    HAL_TIM_PWM_MspInit                      0x08001c7d   Thumb Code     2  stm32f1xx_hal_tim.o(i.HAL_TIM_PWM_MspInit)
    HAL_TIM_PWM_PulseFinishedCallback        0x08001c7f   Thumb Code     2  stm32f1xx_hal_tim.o(i.HAL_TIM_PWM_PulseFinishedCallback)
    HAL_TIM_PWM_Start                        0x08001c81   Thumb Code   144  stm32f1xx_hal_tim.o(i.HAL_TIM_PWM_Start)
    HAL_TIM_PWM_Stop                         0x08001d1d   Thumb Code   108  stm32f1xx_hal_tim.o(i.HAL_TIM_PWM_Stop)
    HAL_TIM_PeriodElapsedCallback            0x08001d8d   Thumb Code    14  main.o(i.HAL_TIM_PeriodElapsedCallback)
    HAL_TIM_TriggerCallback                  0x08001da1   Thumb Code     2  stm32f1xx_hal_tim.o(i.HAL_TIM_TriggerCallback)
    HAL_UART_Init                            0x08001da3   Thumb Code   100  stm32f1xx_hal_uart.o(i.HAL_UART_Init)
    HAL_UART_MspInit                         0x08001e09   Thumb Code   166  usart.o(i.HAL_UART_MspInit)
    HAL_UART_Receive_IT                      0x08001ec5   Thumb Code    28  stm32f1xx_hal_uart.o(i.HAL_UART_Receive_IT)
    HAL_UART_Transmit                        0x08001ee1   Thumb Code   160  stm32f1xx_hal_uart.o(i.HAL_UART_Transmit)
    HardFault_Handler                        0x08001f81   Thumb Code     2  stm32f1xx_it.o(i.HardFault_Handler)
    IRReceiver_CodeToString                  0x08001f85   Thumb Code    54  ir_receiver.o(i.IRReceiver_CodeToString)
    IRReceiver_IRQ_Callback                  0x08002101   Thumb Code   146  ir_receiver.o(i.IRReceiver_IRQ_Callback)
    IRReceiver_Init                          0x080021ad   Thumb Code     2  ir_receiver.o(i.IRReceiver_Init)
    IRReceiver_Read                          0x080021b1   Thumb Code    38  ir_receiver.o(i.IRReceiver_Read)
    IRReceiver_SetVal                        0x080021dd   Thumb Code   194  ir_receiver.o(i.IRReceiver_SetVal)
    MX_FREERTOS_Init                         0x080022a5   Thumb Code   244  freertos.o(i.MX_FREERTOS_Init)
    MX_GPIO_Init                             0x08002449   Thumb Code   286  gpio.o(i.MX_GPIO_Init)
    MX_TIM2_Init                             0x0800257d   Thumb Code   144  tim.o(i.MX_TIM2_Init)
    MX_USART1_UART_Init                      0x08002611   Thumb Code    48  usart.o(i.MX_USART1_UART_Init)
    MX_USART3_UART_Init                      0x08002649   Thumb Code    48  usart.o(i.MX_USART3_UART_Init)
    MemManage_Handler                        0x08002681   Thumb Code     2  stm32f1xx_it.o(i.MemManage_Handler)
    MyI2C_R_SDA                              0x08002685   Thumb Code    22  myi2c.o(i.MyI2C_R_SDA)
    MyI2C_ReceiveAck                         0x080026a1   Thumb Code    30  myi2c.o(i.MyI2C_ReceiveAck)
    MyI2C_ReceiveByte                        0x080026bf   Thumb Code    52  myi2c.o(i.MyI2C_ReceiveByte)
    MyI2C_SendAck                            0x080026f3   Thumb Code    22  myi2c.o(i.MyI2C_SendAck)
    MyI2C_SendByte                           0x08002709   Thumb Code    40  myi2c.o(i.MyI2C_SendByte)
    MyI2C_Start                              0x08002731   Thumb Code    30  myi2c.o(i.MyI2C_Start)
    MyI2C_Stop                               0x0800274f   Thumb Code    24  myi2c.o(i.MyI2C_Stop)
    MyI2C_W_SCL                              0x08002769   Thumb Code    22  myi2c.o(i.MyI2C_W_SCL)
    MyI2C_W_SDA                              0x08002785   Thumb Code    22  myi2c.o(i.MyI2C_W_SDA)
    NMI_Handler                              0x080027a1   Thumb Code     2  stm32f1xx_it.o(i.NMI_Handler)
    OLED_Clear                               0x080027a3   Thumb Code    38  oled.o(i.OLED_Clear)
    OLED_I2C_Init                            0x080027c9   Thumb Code    32  oled.o(i.OLED_I2C_Init)
    OLED_I2C_SendByte                        0x080027ed   Thumb Code    86  oled.o(i.OLED_I2C_SendByte)
    OLED_I2C_Start                           0x08002849   Thumb Code    48  oled.o(i.OLED_I2C_Start)
    OLED_I2C_Stop                            0x0800287d   Thumb Code    38  oled.o(i.OLED_I2C_Stop)
    OLED_Init                                0x080028a9   Thumb Code   172  oled.o(i.OLED_Init)
    OLED_Pow                                 0x08002955   Thumb Code    14  oled.o(i.OLED_Pow)
    OLED_SetCursor                           0x08002963   Thumb Code    34  oled.o(i.OLED_SetCursor)
    OLED_ShowChar                            0x08002985   Thumb Code    98  oled.o(i.OLED_ShowChar)
    OLED_ShowNum                             0x080029ed   Thumb Code    66  oled.o(i.OLED_ShowNum)
    OLED_ShowSignedNum                       0x08002a2f   Thumb Code    88  oled.o(i.OLED_ShowSignedNum)
    OLED_ShowString                          0x08002a87   Thumb Code    38  oled.o(i.OLED_ShowString)
    OLED_WriteCommand                        0x08002aad   Thumb Code    34  oled.o(i.OLED_WriteCommand)
    OLED_WriteData                           0x08002acf   Thumb Code    34  oled.o(i.OLED_WriteData)
    SysTick_Handler                          0x08002b1d   Thumb Code    38  port.o(i.SysTick_Handler)
    SystemClock_Config                       0x08002b49   Thumb Code    94  main.o(i.SystemClock_Config)
    SystemInit                               0x08002ba7   Thumb Code     2  system_stm32f1xx.o(i.SystemInit)
    TIM4_IRQHandler                          0x08002ba9   Thumb Code     6  stm32f1xx_it.o(i.TIM4_IRQHandler)
    TIM_Base_SetConfig                       0x08002bb5   Thumb Code   108  stm32f1xx_hal_tim.o(i.TIM_Base_SetConfig)
    TIM_CCxChannelCmd                        0x08002c2d   Thumb Code    26  stm32f1xx_hal_tim.o(i.TIM_CCxChannelCmd)
    TIM_ETR_SetConfig                        0x08002c47   Thumb Code    20  stm32f1xx_hal_tim.o(i.TIM_ETR_SetConfig)
    TIM_OC2_SetConfig                        0x08002cbd   Thumb Code    84  stm32f1xx_hal_tim.o(i.TIM_OC2_SetConfig)
    UART_Start_Receive_IT                    0x08002efd   Thumb Code    54  stm32f1xx_hal_uart.o(i.UART_Start_Receive_IT)
    UsageFault_Handler                       0x08002fa5   Thumb Code     2  stm32f1xx_it.o(i.UsageFault_Handler)
    __ARM_fpclassify                         0x08002fa7   Thumb Code    40  fpclassify.o(i.__ARM_fpclassify)
    __kernel_poly                            0x08002fef   Thumb Code   170  poly.o(i.__kernel_poly)
    __mathlib_dbl_divzero                    0x08003099   Thumb Code    12  dunder.o(i.__mathlib_dbl_divzero)
    __mathlib_dbl_infnan2                    0x080030a9   Thumb Code     4  dunder.o(i.__mathlib_dbl_infnan2)
    __mathlib_dbl_invalid                    0x080030ad   Thumb Code    12  dunder.o(i.__mathlib_dbl_invalid)
    __mathlib_dbl_overflow                   0x080030b9   Thumb Code    14  dunder.o(i.__mathlib_dbl_overflow)
    __mathlib_dbl_underflow                  0x080030c9   Thumb Code    10  dunder.o(i.__mathlib_dbl_underflow)
    _is_digit                                0x080030d9   Thumb Code    14  __printf_wp.o(i._is_digit)
    esp8266_init                             0x080030e9   Thumb Code    50  esp8266.o(i.esp8266_init)
    foreward                                 0x08003129   Thumb Code    28  motor.o(i.foreward)
    main                                     0x08003149   Thumb Code    34  main.o(i.main)
    mdelay                                   0x0800316b   Thumb Code    26  delay.o(i.mdelay)
    osDelay                                  0x08003185   Thumb Code    14  cmsis_os.o(i.osDelay)
    osKernelStart                            0x08003193   Thumb Code    10  cmsis_os.o(i.osKernelStart)
    osMessageCreate                          0x0800319d   Thumb Code    38  cmsis_os.o(i.osMessageCreate)
    pow                                      0x080031c5   Thumb Code  2512  pow.o(i.pow)
    pvPortMalloc                             0x08004049   Thumb Code   216  heap_4.o(i.pvPortMalloc)
    pvTaskIncrementMutexHeldCount            0x08004125   Thumb Code    18  tasks.o(i.pvTaskIncrementMutexHeldCount)
    pxPortInitialiseStack                    0x0800413d   Thumb Code    32  port.o(i.pxPortInitialiseStack)
    reversal                                 0x08004161   Thumb Code    28  motor.o(i.reversal)
    set_speed                                0x08004181   Thumb Code    20  motor.o(i.set_speed)
    sqrt                                     0x08004199   Thumb Code    76  sqrt.o(i.sqrt)
    system_get_ns                            0x080041e5   Thumb Code    58  delay.o(i.system_get_ns)
    task_esp8266                             0x08004229   Thumb Code   176  freertos.o(i.task_esp8266)
    task_get_sensor_data                     0x0800436d   Thumb Code    78  freertos.o(i.task_get_sensor_data)
    task_hum_thresholds                      0x080043c5   Thumb Code    88  freertos.o(i.task_hum_thresholds)
    task_light_thresholds                    0x0800442d   Thumb Code   122  freertos.o(i.task_light_thresholds)
    task_oled_show                           0x080044bd   Thumb Code   116  freertos.o(i.task_oled_show)
    task_temp_thresholds                     0x08004549   Thumb Code   104  freertos.o(i.task_temp_thresholds)
    task_thresholds                          0x080045c1   Thumb Code   136  freertos.o(i.task_thresholds)
    turn_off_motor                           0x08004651   Thumb Code     8  motor.o(i.turn_off_motor)
    turn_on_motor                            0x0800465d   Thumb Code    26  motor.o(i.turn_on_motor)
    udelay                                   0x08004679   Thumb Code    52  delay.o(i.udelay)
    uxListRemove                             0x080046b1   Thumb Code    38  list.o(i.uxListRemove)
    vApplicationGetIdleTaskMemory            0x080046d9   Thumb Code    16  freertos.o(i.vApplicationGetIdleTaskMemory)
    vListInitialise                          0x080046ed   Thumb Code    22  list.o(i.vListInitialise)
    vListInitialiseItem                      0x08004703   Thumb Code     6  list.o(i.vListInitialiseItem)
    vListInsert                              0x08004709   Thumb Code    48  list.o(i.vListInsert)
    vListInsertEnd                           0x08004739   Thumb Code    24  list.o(i.vListInsertEnd)
    vPortEnterCritical                       0x08004751   Thumb Code    54  port.o(i.vPortEnterCritical)
    vPortExitCritical                        0x08004791   Thumb Code    34  port.o(i.vPortExitCritical)
    vPortFree                                0x080047b9   Thumb Code    94  heap_4.o(i.vPortFree)
    vPortSetupTimerInterrupt                 0x0800481d   Thumb Code    32  port.o(i.vPortSetupTimerInterrupt)
    vTaskDelay                               0x08004841   Thumb Code    66  tasks.o(i.vTaskDelay)
    vTaskInternalSetTimeOutState             0x0800488d   Thumb Code    12  tasks.o(i.vTaskInternalSetTimeOutState)
    vTaskMissedYield                         0x0800489d   Thumb Code     8  tasks.o(i.vTaskMissedYield)
    vTaskPlaceOnEventList                    0x080048a9   Thumb Code    44  tasks.o(i.vTaskPlaceOnEventList)
    vTaskPriorityDisinheritAfterTimeout      0x080048d9   Thumb Code   152  tasks.o(i.vTaskPriorityDisinheritAfterTimeout)
    vTaskStartScheduler                      0x08004979   Thumb Code    90  tasks.o(i.vTaskStartScheduler)
    vTaskSuspendAll                          0x080049e5   Thumb Code    10  tasks.o(i.vTaskSuspendAll)
    vTaskSwitchContext                       0x080049f5   Thumb Code    82  tasks.o(i.vTaskSwitchContext)
    xPortStartScheduler                      0x08004a51   Thumb Code   154  port.o(i.xPortStartScheduler)
    xQueueCreateMutex                        0x08004af9   Thumb Code    22  queue.o(i.xQueueCreateMutex)
    xQueueGenericCreate                      0x08004b0f   Thumb Code    66  queue.o(i.xQueueGenericCreate)
    xQueueGenericCreateStatic                0x08004b51   Thumb Code   102  queue.o(i.xQueueGenericCreateStatic)
    xQueueGenericReset                       0x08004bb9   Thumb Code   132  queue.o(i.xQueueGenericReset)
    xQueueGenericSend                        0x08004c41   Thumb Code   346  queue.o(i.xQueueGenericSend)
    xQueueReceive                            0x08004da1   Thumb Code   308  queue.o(i.xQueueReceive)
    xQueueSemaphoreTake                      0x08004ed9   Thumb Code   372  queue.o(i.xQueueSemaphoreTake)
    xTaskCheckForTimeOut                     0x08005051   Thumb Code   112  tasks.o(i.xTaskCheckForTimeOut)
    xTaskCreate                              0x080050c5   Thumb Code    90  tasks.o(i.xTaskCreate)
    xTaskCreateStatic                        0x0800511f   Thumb Code    86  tasks.o(i.xTaskCreateStatic)
    xTaskGetSchedulerState                   0x08005175   Thumb Code    22  tasks.o(i.xTaskGetSchedulerState)
    xTaskIncrementTick                       0x08005191   Thumb Code   194  tasks.o(i.xTaskIncrementTick)
    xTaskPriorityDisinherit                  0x0800525d   Thumb Code   144  tasks.o(i.xTaskPriorityDisinherit)
    xTaskPriorityInherit                     0x080052f5   Thumb Code   130  tasks.o(i.xTaskPriorityInherit)
    xTaskRemoveFromEventList                 0x08005381   Thumb Code   108  tasks.o(i.xTaskRemoveFromEventList)
    xTaskResumeAll                           0x080053f5   Thumb Code   182  tasks.o(i.xTaskResumeAll)
    __aeabi_d2f                              0x080054b9   Thumb Code     0  d2f.o(x$fpl$d2f)
    _d2f                                     0x080054b9   Thumb Code    98  d2f.o(x$fpl$d2f)
    __aeabi_dadd                             0x0800551d   Thumb Code     0  daddsub_clz.o(x$fpl$dadd)
    _dadd                                    0x0800551d   Thumb Code   332  daddsub_clz.o(x$fpl$dadd)
    __fpl_dcheck_NaN1                        0x0800566d   Thumb Code    10  dcheck1.o(x$fpl$dcheck1)
    __fpl_dcmp_Inf                           0x0800567d   Thumb Code    24  dcmpi.o(x$fpl$dcmpinf)
    __aeabi_ddiv                             0x08005695   Thumb Code     0  ddiv.o(x$fpl$ddiv)
    _ddiv                                    0x08005695   Thumb Code   552  ddiv.o(x$fpl$ddiv)
    __aeabi_d2iz                             0x08005945   Thumb Code     0  dfix.o(x$fpl$dfix)
    _dfix                                    0x08005945   Thumb Code    94  dfix.o(x$fpl$dfix)
    __aeabi_i2d                              0x080059a3   Thumb Code     0  dflt_clz.o(x$fpl$dflt)
    _dflt                                    0x080059a3   Thumb Code    46  dflt_clz.o(x$fpl$dflt)
    __aeabi_ui2d                             0x080059d1   Thumb Code     0  dflt_clz.o(x$fpl$dfltu)
    _dfltu                                   0x080059d1   Thumb Code    38  dflt_clz.o(x$fpl$dfltu)
    __aeabi_cdcmple                          0x080059f9   Thumb Code     0  dleqf.o(x$fpl$dleqf)
    _dcmple                                  0x080059f9   Thumb Code   120  dleqf.o(x$fpl$dleqf)
    __fpl_dcmple_InfNaN                      0x08005a5b   Thumb Code     0  dleqf.o(x$fpl$dleqf)
    __aeabi_dmul                             0x08005a71   Thumb Code     0  dmul.o(x$fpl$dmul)
    _dmul                                    0x08005a71   Thumb Code   332  dmul.o(x$fpl$dmul)
    __fpl_dnaninf                            0x08005bc5   Thumb Code   156  dnaninf.o(x$fpl$dnaninf)
    __fpl_dretinf                            0x08005c61   Thumb Code    12  dretinf.o(x$fpl$dretinf)
    __aeabi_cdrcmple                         0x08005c6d   Thumb Code     0  drleqf.o(x$fpl$drleqf)
    _drcmple                                 0x08005c6d   Thumb Code   108  drleqf.o(x$fpl$drleqf)
    __aeabi_drsub                            0x08005cd9   Thumb Code     0  daddsub_clz.o(x$fpl$drsb)
    _drsb                                    0x08005cd9   Thumb Code    22  daddsub_clz.o(x$fpl$drsb)
    _dsqrt                                   0x08005cf1   Thumb Code   456  dsqrt_noumaal.o(x$fpl$dsqrt)
    __aeabi_dsub                             0x08005ebd   Thumb Code     0  daddsub_clz.o(x$fpl$dsub)
    _dsub                                    0x08005ebd   Thumb Code   464  daddsub_clz.o(x$fpl$dsub)
    __aeabi_f2iz                             0x08006091   Thumb Code     0  ffix.o(x$fpl$ffix)
    _ffix                                    0x08006091   Thumb Code    54  ffix.o(x$fpl$ffix)
    __fpl_fnaninf                            0x080060c7   Thumb Code   140  fnaninf.o(x$fpl$fnaninf)
    __fpl_fretinf                            0x08006153   Thumb Code    10  fretinf.o(x$fpl$fretinf)
    __fpl_return_NaN                         0x0800615d   Thumb Code   100  retnan.o(x$fpl$retnan)
    __ARM_scalbn                             0x080061c1   Thumb Code    92  scalbn.o(x$fpl$scalbn)
    __fpl_cmpreturn                          0x0800621d   Thumb Code    48  trapv.o(x$fpl$trapveneer)
    __I$use$fp                               0x0800624c   Number         0  usenofp.o(x$fpl$usenofp)
    AHBPrescTable                            0x0800626e   Data          16  system_stm32f1xx.o(.constdata)
    APBPrescTable                            0x0800627e   Data           8  system_stm32f1xx.o(.constdata)
    OLED_F8x16                               0x08006286   Data        1520  oled.o(.constdata)
    __mathlib_zero                           0x08006968   Data           8  qnan.o(.constdata)
    Region$$Table$$Base                      0x080069e4   Number         0  anon$$obj.o(Region$$Table)
    Region$$Table$$Limit                     0x08006a04   Number         0  anon$$obj.o(Region$$Table)
    Thresholds_Val                           0x20000000   Data           4  freertos.o(.data)
    Thresholds_Type                          0x20000004   Data           4  freertos.o(.data)
    temp_T                                   0x20000008   Data           4  freertos.o(.data)
    hum_T                                    0x2000000c   Data           4  freertos.o(.data)
    light_T                                  0x20000010   Data           4  freertos.o(.data)
    task_get_sensor_data_handle              0x20000014   Data           4  freertos.o(.data)
    task_oled_show_handle                    0x20000018   Data           4  freertos.o(.data)
    task_thresholds_handle                   0x2000001c   Data           4  freertos.o(.data)
    task_temp_thresholds_handle              0x20000020   Data           4  freertos.o(.data)
    task_hum_thresholds_handle               0x20000024   Data           4  freertos.o(.data)
    task_light_thresholds_handle             0x20000028   Data           4  freertos.o(.data)
    task_esp8266_handle                      0x2000002c   Data           4  freertos.o(.data)
    data_queuehandle                         0x20000030   Data           4  freertos.o(.data)
    oled_mutexhandle                         0x20000034   Data           4  freertos.o(.data)
    esp8266_mutex_handle                     0x20000038   Data           4  freertos.o(.data)
    temp                                     0x2000003c   Data           4  freertos.o(.data)
    hum                                      0x20000040   Data           4  freertos.o(.data)
    light                                    0x20000044   Data           4  freertos.o(.data)
    myQueueModeHandle                        0x20000048   Data           4  freertos.o(.data)
    uwTickFreq                               0x2000004c   Data           1  stm32f1xx_hal.o(.data)
    uwTickPrio                               0x20000050   Data           4  stm32f1xx_hal.o(.data)
    uwTick                                   0x20000054   Data           4  stm32f1xx_hal.o(.data)
    SystemCoreClock                          0x20000058   Data           4  system_stm32f1xx.o(.data)
    pxCurrentTCB                             0x2000005c   Data           4  tasks.o(.data)
    rx_byte                                  0x200000e0   Data           1  esp8266.o(.data)
    ESP_RX_CLIP                              0x200000e4   Data           8  esp8266.o(.data)
    sensor_data_get                          0x200000ec   Data          12  freertos.o(.bss)
    sensor_data_show                         0x200000f8   Data          12  freertos.o(.bss)
    sensor_data_send                         0x20000104   Data          12  freertos.o(.bss)
    htim2                                    0x20000364   Data          72  tim.o(.bss)
    huart1                                   0x200003ac   Data          72  usart.o(.bss)
    huart3                                   0x200003f4   Data          72  usart.o(.bss)
    htim4                                    0x2000043c   Data          72  stm32f1xx_hal_timebase_tim.o(.bss)
    ESP_RX_BUF_BUFF                          0x20001418   Data         128  esp8266.o(.bss)
    ESP_RX_CLIP_DATA                         0x20001498   Data         128  esp8266.o(.bss)
    ESP_RX_BUF                               0x20001518   Data          12  esp8266.o(.bss)
    data_to_send                             0x20001524   Data         100  super_pc.o(.bss)
    __libspace_start                         0x20001588   Data          96  libspace.o(.bss)
    __temporary_stack_top$libspace           0x200015e8   Data           0  libspace.o(.bss)



==============================================================================

Memory Map of the image

  Image Entry point : 0x080000ed

  Load Region LR_IROM1 (Base: 0x08000000, Size: 0x00006af0, Max: 0x00010000, ABSOLUTE)

    Execution Region ER_IROM1 (Exec base: 0x08000000, Load base: 0x08000000, Size: 0x00006a04, Max: 0x00010000, ABSOLUTE)

    Exec Addr    Load Addr    Size         Type   Attr      Idx    E Section Name        Object

    0x08000000   0x08000000   0x000000ec   Data   RO            3    RESET               startup_stm32f103xb.o
    0x080000ec   0x080000ec   0x00000008   Code   RO         5003  * !!!main             c_w.l(__main.o)
    0x080000f4   0x080000f4   0x00000034   Code   RO         5454    !!!scatter          c_w.l(__scatter.o)
    0x08000128   0x08000128   0x0000001a   Code   RO         5456    !!handler_copy      c_w.l(__scatter_copy.o)
    0x08000142   0x08000142   0x00000002   PAD
    0x08000144   0x08000144   0x0000001c   Code   RO         5458    !!handler_zi        c_w.l(__scatter_zi.o)
    0x08000160   0x08000160   0x00000000   Code   RO         4982    .ARM.Collect$$_printf_percent$$00000000  c_w.l(_printf_percent.o)
    0x08000160   0x08000160   0x00000006   Code   RO         4981    .ARM.Collect$$_printf_percent$$00000009  c_w.l(_printf_d.o)
    0x08000166   0x08000166   0x00000006   Code   RO         4980    .ARM.Collect$$_printf_percent$$00000014  c_w.l(_printf_s.o)
    0x0800016c   0x0800016c   0x00000004   Code   RO         5052    .ARM.Collect$$_printf_percent$$00000017  c_w.l(_printf_percent_end.o)
    0x08000170   0x08000170   0x00000002   Code   RO         5247    .ARM.Collect$$libinit$$00000000  c_w.l(libinit.o)
    0x08000172   0x08000172   0x00000000   Code   RO         5249    .ARM.Collect$$libinit$$00000002  c_w.l(libinit2.o)
    0x08000172   0x08000172   0x00000000   Code   RO         5251    .ARM.Collect$$libinit$$00000004  c_w.l(libinit2.o)
    0x08000172   0x08000172   0x00000000   Code   RO         5254    .ARM.Collect$$libinit$$0000000A  c_w.l(libinit2.o)
    0x08000172   0x08000172   0x00000000   Code   RO         5256    .ARM.Collect$$libinit$$0000000C  c_w.l(libinit2.o)
    0x08000172   0x08000172   0x00000000   Code   RO         5258    .ARM.Collect$$libinit$$0000000E  c_w.l(libinit2.o)
    0x08000172   0x08000172   0x00000000   Code   RO         5261    .ARM.Collect$$libinit$$00000011  c_w.l(libinit2.o)
    0x08000172   0x08000172   0x00000000   Code   RO         5263    .ARM.Collect$$libinit$$00000013  c_w.l(libinit2.o)
    0x08000172   0x08000172   0x00000000   Code   RO         5265    .ARM.Collect$$libinit$$00000015  c_w.l(libinit2.o)
    0x08000172   0x08000172   0x00000000   Code   RO         5267    .ARM.Collect$$libinit$$00000017  c_w.l(libinit2.o)
    0x08000172   0x08000172   0x00000000   Code   RO         5269    .ARM.Collect$$libinit$$00000019  c_w.l(libinit2.o)
    0x08000172   0x08000172   0x00000000   Code   RO         5271    .ARM.Collect$$libinit$$0000001B  c_w.l(libinit2.o)
    0x08000172   0x08000172   0x00000000   Code   RO         5273    .ARM.Collect$$libinit$$0000001D  c_w.l(libinit2.o)
    0x08000172   0x08000172   0x00000000   Code   RO         5275    .ARM.Collect$$libinit$$0000001F  c_w.l(libinit2.o)
    0x08000172   0x08000172   0x00000000   Code   RO         5277    .ARM.Collect$$libinit$$00000021  c_w.l(libinit2.o)
    0x08000172   0x08000172   0x00000000   Code   RO         5279    .ARM.Collect$$libinit$$00000023  c_w.l(libinit2.o)
    0x08000172   0x08000172   0x00000000   Code   RO         5281    .ARM.Collect$$libinit$$00000025  c_w.l(libinit2.o)
    0x08000172   0x08000172   0x00000000   Code   RO         5285    .ARM.Collect$$libinit$$0000002C  c_w.l(libinit2.o)
    0x08000172   0x08000172   0x00000000   Code   RO         5287    .ARM.Collect$$libinit$$0000002E  c_w.l(libinit2.o)
    0x08000172   0x08000172   0x00000000   Code   RO         5289    .ARM.Collect$$libinit$$00000030  c_w.l(libinit2.o)
    0x08000172   0x08000172   0x00000000   Code   RO         5291    .ARM.Collect$$libinit$$00000032  c_w.l(libinit2.o)
    0x08000172   0x08000172   0x00000002   Code   RO         5292    .ARM.Collect$$libinit$$00000033  c_w.l(libinit2.o)
    0x08000174   0x08000174   0x00000002   Code   RO         5435    .ARM.Collect$$libshutdown$$00000000  c_w.l(libshutdown.o)
    0x08000176   0x08000176   0x00000000   Code   RO         5294    .ARM.Collect$$libshutdown$$00000002  c_w.l(libshutdown2.o)
    0x08000176   0x08000176   0x00000000   Code   RO         5296    .ARM.Collect$$libshutdown$$00000004  c_w.l(libshutdown2.o)
    0x08000176   0x08000176   0x00000000   Code   RO         5298    .ARM.Collect$$libshutdown$$00000006  c_w.l(libshutdown2.o)
    0x08000176   0x08000176   0x00000000   Code   RO         5301    .ARM.Collect$$libshutdown$$00000009  c_w.l(libshutdown2.o)
    0x08000176   0x08000176   0x00000000   Code   RO         5304    .ARM.Collect$$libshutdown$$0000000C  c_w.l(libshutdown2.o)
    0x08000176   0x08000176   0x00000000   Code   RO         5306    .ARM.Collect$$libshutdown$$0000000E  c_w.l(libshutdown2.o)
    0x08000176   0x08000176   0x00000000   Code   RO         5309    .ARM.Collect$$libshutdown$$00000011  c_w.l(libshutdown2.o)
    0x08000176   0x08000176   0x00000002   Code   RO         5310    .ARM.Collect$$libshutdown$$00000012  c_w.l(libshutdown2.o)
    0x08000178   0x08000178   0x00000000   Code   RO         5035    .ARM.Collect$$rtentry$$00000000  c_w.l(__rtentry.o)
    0x08000178   0x08000178   0x00000000   Code   RO         5108    .ARM.Collect$$rtentry$$00000002  c_w.l(__rtentry2.o)
    0x08000178   0x08000178   0x00000006   Code   RO         5120    .ARM.Collect$$rtentry$$00000004  c_w.l(__rtentry4.o)
    0x0800017e   0x0800017e   0x00000000   Code   RO         5110    .ARM.Collect$$rtentry$$00000009  c_w.l(__rtentry2.o)
    0x0800017e   0x0800017e   0x00000004   Code   RO         5111    .ARM.Collect$$rtentry$$0000000A  c_w.l(__rtentry2.o)
    0x08000182   0x08000182   0x00000000   Code   RO         5113    .ARM.Collect$$rtentry$$0000000C  c_w.l(__rtentry2.o)
    0x08000182   0x08000182   0x00000008   Code   RO         5114    .ARM.Collect$$rtentry$$0000000D  c_w.l(__rtentry2.o)
    0x0800018a   0x0800018a   0x00000002   Code   RO         5320    .ARM.Collect$$rtexit$$00000000  c_w.l(rtexit.o)
    0x0800018c   0x0800018c   0x00000000   Code   RO         5378    .ARM.Collect$$rtexit$$00000002  c_w.l(rtexit2.o)
    0x0800018c   0x0800018c   0x00000004   Code   RO         5379    .ARM.Collect$$rtexit$$00000003  c_w.l(rtexit2.o)
    0x08000190   0x08000190   0x00000006   Code   RO         5380    .ARM.Collect$$rtexit$$00000004  c_w.l(rtexit2.o)
    0x08000196   0x08000196   0x00000002   PAD
    0x08000198   0x08000198   0x00000096   Code   RO         4190    .emb_text           port.o
    0x0800022e   0x0800022e   0x00000002   PAD
    0x08000230   0x08000230   0x00000040   Code   RO            4    .text               startup_stm32f103xb.o
    0x08000270   0x08000270   0x000000ee   Code   RO         4940    .text               c_w.l(lludivv7m.o)
    0x0800035e   0x0800035e   0x00000002   PAD
    0x08000360   0x08000360   0x00000028   Code   RO         4950    .text               c_w.l(noretval__2sprintf.o)
    0x08000388   0x08000388   0x0000004e   Code   RO         4954    .text               c_w.l(_printf_pad.o)
    0x080003d6   0x080003d6   0x00000052   Code   RO         4956    .text               c_w.l(_printf_str.o)
    0x08000428   0x08000428   0x00000078   Code   RO         4958    .text               c_w.l(_printf_dec.o)
    0x080004a0   0x080004a0   0x00000138   Code   RO         4972    .text               c_w.l(__printf_flags_wp.o)
    0x080005d8   0x080005d8   0x00000024   Code   RO         4983    .text               c_w.l(strstr.o)
    0x080005fc   0x080005fc   0x00000048   Code   RO         4985    .text               c_w.l(strcpy.o)
    0x08000644   0x08000644   0x0000003e   Code   RO         4987    .text               c_w.l(strlen.o)
    0x08000682   0x08000682   0x0000008a   Code   RO         4989    .text               c_w.l(rt_memcpy_v6.o)
    0x0800070c   0x0800070c   0x00000064   Code   RO         4991    .text               c_w.l(rt_memcpy_w.o)
    0x08000770   0x08000770   0x00000010   Code   RO         4995    .text               c_w.l(aeabi_memset.o)
    0x08000780   0x08000780   0x00000044   Code   RO         4997    .text               c_w.l(rt_memclr.o)
    0x080007c4   0x080007c4   0x0000004e   Code   RO         4999    .text               c_w.l(rt_memclr_w.o)
    0x08000812   0x08000812   0x00000006   Code   RO         5001    .text               c_w.l(heapauxi.o)
    0x08000818   0x08000818   0x00000016   Code   RO         5040    .text               c_w.l(_rserrno.o)
    0x0800082e   0x0800082e   0x000000b2   Code   RO         5042    .text               c_w.l(_printf_intcommon.o)
    0x080008e0   0x080008e0   0x00000030   Code   RO         5044    .text               c_w.l(_printf_char_common.o)
    0x08000910   0x08000910   0x0000000a   Code   RO         5046    .text               c_w.l(_sputc.o)
    0x0800091a   0x0800091a   0x0000002c   Code   RO         5048    .text               c_w.l(_printf_char.o)
    0x08000946   0x08000946   0x00000002   PAD
    0x08000948   0x08000948   0x00000008   Code   RO         5127    .text               c_w.l(rt_errno_addr_intlibspace.o)
    0x08000950   0x08000950   0x00000008   Code   RO         5156    .text               c_w.l(libspace.o)
    0x08000958   0x08000958   0x0000004a   Code   RO         5161    .text               c_w.l(sys_stackheap_outer.o)
    0x080009a2   0x080009a2   0x00000012   Code   RO         5232    .text               c_w.l(exit.o)
    0x080009b4   0x080009b4   0x00000002   Code   RO         5317    .text               c_w.l(use_no_semi.o)
    0x080009b6   0x080009b6   0x00000000   Code   RO         5319    .text               c_w.l(indicate_semi.o)
    0x080009b6   0x080009b6   0x00000002   PAD
    0x080009b8   0x080009b8   0x0000000c   Code   RO         5375    .text               c_w.l(sys_exit.o)
    0x080009c4   0x080009c4   0x00000084   Code   RO         4911    i.ANO_DT_Send_F2    super_pc.o
    0x08000a48   0x08000a48   0x00000018   Code   RO         4366    i.BH1750_Init       bh1750.o
    0x08000a60   0x08000a60   0x00000020   Code   RO         4367    i.BH1750_ReadLight  bh1750.o
    0x08000a80   0x08000a80   0x00000034   Code   RO         4368    i.BH1750_ReadReg    bh1750.o
    0x08000ab4   0x08000ab4   0x00000024   Code   RO         4369    i.BH1750_WriteReg   bh1750.o
    0x08000ad8   0x08000ad8   0x00000002   Code   RO         4722    i.Buffer_Clip_Print  buffer.o
    0x08000ada   0x08000ada   0x00000016   Code   RO         4724    i.Buffer_Length     buffer.o
    0x08000af0   0x08000af0   0x00000084   Code   RO         4726    i.Buffer_Pop_All    buffer.o
    0x08000b74   0x08000b74   0x0000000e   Code   RO         4731    i.Buffer_Reset      buffer.o
    0x08000b82   0x08000b82   0x00000002   Code   RO          447    i.BusFault_Handler  stm32f1xx_it.o
    0x08000b84   0x08000b84   0x0000002c   Code   RO         4569    i.Buzzer_200ms      buzzer.o
    0x08000bb0   0x08000bb0   0x0000000c   Code   RO         4732    i.Chip_Reset        buffer.o
    0x08000bbc   0x08000bbc   0x00000006   Code   RO         4405    i.DHT11_Init        dht11.o
    0x08000bc2   0x08000bc2   0x00000002   PAD
    0x08000bc4   0x08000bc4   0x00000018   Code   RO         4406    i.DHT11_PinRead     dht11.o
    0x08000bdc   0x08000bdc   0x00000018   Code   RO         4407    i.DHT11_PinSet      dht11.o
    0x08000bf4   0x08000bf4   0x00000090   Code   RO         4408    i.DHT11_Read        dht11.o
    0x08000c84   0x08000c84   0x00000046   Code   RO         4409    i.DHT11_ReadByte    dht11.o
    0x08000cca   0x08000cca   0x00000024   Code   RO         4410    i.DHT11_WaitFor_Val  dht11.o
    0x08000cee   0x08000cee   0x00000002   Code   RO          448    i.DebugMon_Handler  stm32f1xx_it.o
    0x08000cf0   0x08000cf0   0x0000005c   Code   RO         4810    i.ESP8266_Connect_TCP  esp8266.o
    0x08000d4c   0x08000d4c   0x0000007c   Code   RO         4814    i.ESP8266_Send_Cmd  esp8266.o
    0x08000dc8   0x08000dc8   0x00000078   Code   RO         4815    i.ESP8266_Send_Cmd_GetAck  esp8266.o
    0x08000e40   0x08000e40   0x00000030   Code   RO         4817    i.ESP8266_Send_String  esp8266.o
    0x08000e70   0x08000e70   0x0000001c   Code   RO         4818    i.ESP8266_Set_Echo_Off  esp8266.o
    0x08000e8c   0x08000e8c   0x00000008   Code   RO          449    i.EXTI15_10_IRQHandler  stm32f1xx_it.o
    0x08000e94   0x08000e94   0x00000004   Code   RO           13    i.Error_Handler     main.o
    0x08000e98   0x08000e98   0x0000002c   Code   RO         4593    i.GetKeyFromBuf     ir_receiver.o
    0x08000ec4   0x08000ec4   0x00000024   Code   RO          623    i.HAL_Delay         stm32f1xx_hal.o
    0x08000ee8   0x08000ee8   0x0000000c   Code   RO         4594    i.HAL_GPIO_EXTI_Callback  ir_receiver.o
    0x08000ef4   0x08000ef4   0x00000018   Code   RO          932    i.HAL_GPIO_EXTI_IRQHandler  stm32f1xx_hal_gpio.o
    0x08000f0c   0x08000f0c   0x000001e0   Code   RO          933    i.HAL_GPIO_Init     stm32f1xx_hal_gpio.o
    0x080010ec   0x080010ec   0x0000000a   Code   RO          935    i.HAL_GPIO_ReadPin  stm32f1xx_hal_gpio.o
    0x080010f6   0x080010f6   0x0000000a   Code   RO          937    i.HAL_GPIO_WritePin  stm32f1xx_hal_gpio.o
    0x08001100   0x08001100   0x0000000c   Code   RO          627    i.HAL_GetTick       stm32f1xx_hal.o
    0x0800110c   0x0800110c   0x00000010   Code   RO          633    i.HAL_IncTick       stm32f1xx_hal.o
    0x0800111c   0x0800111c   0x00000024   Code   RO          634    i.HAL_Init          stm32f1xx_hal.o
    0x08001140   0x08001140   0x00000098   Code   RO          541    i.HAL_InitTick      stm32f1xx_hal_timebase_tim.o
    0x080011d8   0x080011d8   0x00000048   Code   RO          517    i.HAL_MspInit       stm32f1xx_hal_msp.o
    0x08001220   0x08001220   0x0000001a   Code   RO         1093    i.HAL_NVIC_EnableIRQ  stm32f1xx_hal_cortex.o
    0x0800123a   0x0800123a   0x00000002   PAD
    0x0800123c   0x0800123c   0x00000040   Code   RO         1099    i.HAL_NVIC_SetPriority  stm32f1xx_hal_cortex.o
    0x0800127c   0x0800127c   0x00000024   Code   RO         1100    i.HAL_NVIC_SetPriorityGrouping  stm32f1xx_hal_cortex.o
    0x080012a0   0x080012a0   0x0000012c   Code   RO          791    i.HAL_RCC_ClockConfig  stm32f1xx_hal_rcc.o
    0x080013cc   0x080013cc   0x00000040   Code   RO          795    i.HAL_RCC_GetClockConfig  stm32f1xx_hal_rcc.o
    0x0800140c   0x0800140c   0x00000020   Code   RO          798    i.HAL_RCC_GetPCLK1Freq  stm32f1xx_hal_rcc.o
    0x0800142c   0x0800142c   0x00000020   Code   RO          799    i.HAL_RCC_GetPCLK2Freq  stm32f1xx_hal_rcc.o
    0x0800144c   0x0800144c   0x0000004c   Code   RO          800    i.HAL_RCC_GetSysClockFreq  stm32f1xx_hal_rcc.o
    0x08001498   0x08001498   0x00000320   Code   RO          803    i.HAL_RCC_OscConfig  stm32f1xx_hal_rcc.o
    0x080017b8   0x080017b8   0x00000002   Code   RO         2299    i.HAL_TIMEx_BreakCallback  stm32f1xx_hal_tim_ex.o
    0x080017ba   0x080017ba   0x00000002   Code   RO         2300    i.HAL_TIMEx_CommutCallback  stm32f1xx_hal_tim_ex.o
    0x080017bc   0x080017bc   0x00000068   Code   RO         2318    i.HAL_TIMEx_MasterConfigSynchronization  stm32f1xx_hal_tim_ex.o
    0x08001824   0x08001824   0x0000005a   Code   RO         1595    i.HAL_TIM_Base_Init  stm32f1xx_hal_tim.o
    0x0800187e   0x0800187e   0x00000002   PAD
    0x08001880   0x08001880   0x00000024   Code   RO          352    i.HAL_TIM_Base_MspInit  tim.o
    0x080018a4   0x080018a4   0x00000058   Code   RO         1600    i.HAL_TIM_Base_Start_IT  stm32f1xx_hal_tim.o
    0x080018fc   0x080018fc   0x000000dc   Code   RO         1604    i.HAL_TIM_ConfigClockSource  stm32f1xx_hal_tim.o
    0x080019d8   0x080019d8   0x00000002   Code   RO         1629    i.HAL_TIM_IC_CaptureCallback  stm32f1xx_hal_tim.o
    0x080019da   0x080019da   0x00000130   Code   RO         1643    i.HAL_TIM_IRQHandler  stm32f1xx_hal_tim.o
    0x08001b0a   0x08001b0a   0x00000002   PAD
    0x08001b0c   0x08001b0c   0x00000048   Code   RO          353    i.HAL_TIM_MspPostInit  tim.o
    0x08001b54   0x08001b54   0x00000002   Code   RO         1646    i.HAL_TIM_OC_DelayElapsedCallback  stm32f1xx_hal_tim.o
    0x08001b56   0x08001b56   0x000000cc   Code   RO         1667    i.HAL_TIM_PWM_ConfigChannel  stm32f1xx_hal_tim.o
    0x08001c22   0x08001c22   0x0000005a   Code   RO         1670    i.HAL_TIM_PWM_Init  stm32f1xx_hal_tim.o
    0x08001c7c   0x08001c7c   0x00000002   Code   RO         1672    i.HAL_TIM_PWM_MspInit  stm32f1xx_hal_tim.o
    0x08001c7e   0x08001c7e   0x00000002   Code   RO         1673    i.HAL_TIM_PWM_PulseFinishedCallback  stm32f1xx_hal_tim.o
    0x08001c80   0x08001c80   0x0000009c   Code   RO         1675    i.HAL_TIM_PWM_Start  stm32f1xx_hal_tim.o
    0x08001d1c   0x08001d1c   0x00000070   Code   RO         1678    i.HAL_TIM_PWM_Stop  stm32f1xx_hal_tim.o
    0x08001d8c   0x08001d8c   0x00000014   Code   RO           14    i.HAL_TIM_PeriodElapsedCallback  main.o
    0x08001da0   0x08001da0   0x00000002   Code   RO         1686    i.HAL_TIM_TriggerCallback  stm32f1xx_hal_tim.o
    0x08001da2   0x08001da2   0x00000064   Code   RO         2596    i.HAL_UART_Init     stm32f1xx_hal_uart.o
    0x08001e06   0x08001e06   0x00000002   PAD
    0x08001e08   0x08001e08   0x000000bc   Code   RO          400    i.HAL_UART_MspInit  usart.o
    0x08001ec4   0x08001ec4   0x0000001c   Code   RO         2601    i.HAL_UART_Receive_IT  stm32f1xx_hal_uart.o
    0x08001ee0   0x08001ee0   0x000000a0   Code   RO         2604    i.HAL_UART_Transmit  stm32f1xx_hal_uart.o
    0x08001f80   0x08001f80   0x00000002   Code   RO          450    i.HardFault_Handler  stm32f1xx_it.o
    0x08001f82   0x08001f82   0x00000002   PAD
    0x08001f84   0x08001f84   0x0000005c   Code   RO         4595    i.IRReceiver_CodeToString  ir_receiver.o
    0x08001fe0   0x08001fe0   0x00000120   Code   RO         4596    i.IRReceiver_IRQTimes_Parse  ir_receiver.o
    0x08002100   0x08002100   0x000000ac   Code   RO         4597    i.IRReceiver_IRQ_Callback  ir_receiver.o
    0x080021ac   0x080021ac   0x00000002   Code   RO         4598    i.IRReceiver_Init   ir_receiver.o
    0x080021ae   0x080021ae   0x00000002   PAD
    0x080021b0   0x080021b0   0x0000002c   Code   RO         4599    i.IRReceiver_Read   ir_receiver.o
    0x080021dc   0x080021dc   0x000000c8   Code   RO         4600    i.IRReceiver_SetVal  ir_receiver.o
    0x080022a4   0x080022a4   0x000001a4   Code   RO          220    i.MX_FREERTOS_Init  freertos.o
    0x08002448   0x08002448   0x00000134   Code   RO          196    i.MX_GPIO_Init      gpio.o
    0x0800257c   0x0800257c   0x00000094   Code   RO          354    i.MX_TIM2_Init      tim.o
    0x08002610   0x08002610   0x00000038   Code   RO          401    i.MX_USART1_UART_Init  usart.o
    0x08002648   0x08002648   0x00000038   Code   RO          402    i.MX_USART3_UART_Init  usart.o
    0x08002680   0x08002680   0x00000002   Code   RO          451    i.MemManage_Handler  stm32f1xx_it.o
    0x08002682   0x08002682   0x00000002   PAD
    0x08002684   0x08002684   0x0000001c   Code   RO         4499    i.MyI2C_R_SDA       myi2c.o
    0x080026a0   0x080026a0   0x0000001e   Code   RO         4500    i.MyI2C_ReceiveAck  myi2c.o
    0x080026be   0x080026be   0x00000034   Code   RO         4501    i.MyI2C_ReceiveByte  myi2c.o
    0x080026f2   0x080026f2   0x00000016   Code   RO         4502    i.MyI2C_SendAck     myi2c.o
    0x08002708   0x08002708   0x00000028   Code   RO         4503    i.MyI2C_SendByte    myi2c.o
    0x08002730   0x08002730   0x0000001e   Code   RO         4504    i.MyI2C_Start       myi2c.o
    0x0800274e   0x0800274e   0x00000018   Code   RO         4505    i.MyI2C_Stop        myi2c.o
    0x08002766   0x08002766   0x00000002   PAD
    0x08002768   0x08002768   0x0000001c   Code   RO         4506    i.MyI2C_W_SCL       myi2c.o
    0x08002784   0x08002784   0x0000001c   Code   RO         4507    i.MyI2C_W_SDA       myi2c.o
    0x080027a0   0x080027a0   0x00000002   Code   RO          452    i.NMI_Handler       stm32f1xx_it.o
    0x080027a2   0x080027a2   0x00000026   Code   RO         4270    i.OLED_Clear        oled.o
    0x080027c8   0x080027c8   0x00000024   Code   RO         4271    i.OLED_I2C_Init     oled.o
    0x080027ec   0x080027ec   0x0000005c   Code   RO         4272    i.OLED_I2C_SendByte  oled.o
    0x08002848   0x08002848   0x00000034   Code   RO         4273    i.OLED_I2C_Start    oled.o
    0x0800287c   0x0800287c   0x0000002c   Code   RO         4274    i.OLED_I2C_Stop     oled.o
    0x080028a8   0x080028a8   0x000000ac   Code   RO         4275    i.OLED_Init         oled.o
    0x08002954   0x08002954   0x0000000e   Code   RO         4276    i.OLED_Pow          oled.o
    0x08002962   0x08002962   0x00000022   Code   RO         4277    i.OLED_SetCursor    oled.o
    0x08002984   0x08002984   0x00000068   Code   RO         4278    i.OLED_ShowChar     oled.o
    0x080029ec   0x080029ec   0x00000042   Code   RO         4279    i.OLED_ShowNum      oled.o
    0x08002a2e   0x08002a2e   0x00000058   Code   RO         4280    i.OLED_ShowSignedNum  oled.o
    0x08002a86   0x08002a86   0x00000026   Code   RO         4281    i.OLED_ShowString   oled.o
    0x08002aac   0x08002aac   0x00000022   Code   RO         4282    i.OLED_WriteCommand  oled.o
    0x08002ace   0x08002ace   0x00000022   Code   RO         4283    i.OLED_WriteData    oled.o
    0x08002af0   0x08002af0   0x0000002c   Code   RO         4601    i.PutKeyToBuf       ir_receiver.o
    0x08002b1c   0x08002b1c   0x0000002c   Code   RO         4191    i.SysTick_Handler   port.o
    0x08002b48   0x08002b48   0x0000005e   Code   RO           15    i.SystemClock_Config  main.o
    0x08002ba6   0x08002ba6   0x00000002   Code   RO         2930    i.SystemInit        system_stm32f1xx.o
    0x08002ba8   0x08002ba8   0x0000000c   Code   RO          453    i.TIM4_IRQHandler   stm32f1xx_it.o
    0x08002bb4   0x08002bb4   0x00000078   Code   RO         1688    i.TIM_Base_SetConfig  stm32f1xx_hal_tim.o
    0x08002c2c   0x08002c2c   0x0000001a   Code   RO         1689    i.TIM_CCxChannelCmd  stm32f1xx_hal_tim.o
    0x08002c46   0x08002c46   0x00000014   Code   RO         1699    i.TIM_ETR_SetConfig  stm32f1xx_hal_tim.o
    0x08002c5a   0x08002c5a   0x00000010   Code   RO         1700    i.TIM_ITRx_SetConfig  stm32f1xx_hal_tim.o
    0x08002c6a   0x08002c6a   0x00000002   PAD
    0x08002c6c   0x08002c6c   0x00000050   Code   RO         1701    i.TIM_OC1_SetConfig  stm32f1xx_hal_tim.o
    0x08002cbc   0x08002cbc   0x00000058   Code   RO         1702    i.TIM_OC2_SetConfig  stm32f1xx_hal_tim.o
    0x08002d14   0x08002d14   0x00000058   Code   RO         1703    i.TIM_OC3_SetConfig  stm32f1xx_hal_tim.o
    0x08002d6c   0x08002d6c   0x00000044   Code   RO         1704    i.TIM_OC4_SetConfig  stm32f1xx_hal_tim.o
    0x08002db0   0x08002db0   0x00000022   Code   RO         1706    i.TIM_TI1_ConfigInputStage  stm32f1xx_hal_tim.o
    0x08002dd2   0x08002dd2   0x00000024   Code   RO         1708    i.TIM_TI2_ConfigInputStage  stm32f1xx_hal_tim.o
    0x08002df6   0x08002df6   0x0000004e   Code   RO         2619    i.UART_EndRxTransfer  stm32f1xx_hal_uart.o
    0x08002e44   0x08002e44   0x000000b8   Code   RO         2622    i.UART_SetConfig    stm32f1xx_hal_uart.o
    0x08002efc   0x08002efc   0x00000036   Code   RO         2624    i.UART_Start_Receive_IT  stm32f1xx_hal_uart.o
    0x08002f32   0x08002f32   0x00000072   Code   RO         2625    i.UART_WaitOnFlagUntilTimeout  stm32f1xx_hal_uart.o
    0x08002fa4   0x08002fa4   0x00000002   Code   RO          454    i.UsageFault_Handler  stm32f1xx_it.o
    0x08002fa6   0x08002fa6   0x00000028   Code   RO         5094    i.__ARM_fpclassify  m_ws.l(fpclassify.o)
    0x08002fce   0x08002fce   0x00000020   Code   RO         1106    i.__NVIC_SetPriority  stm32f1xx_hal_cortex.o
    0x08002fee   0x08002fee   0x000000aa   Code   RO         5096    i.__kernel_poly     m_ws.l(poly.o)
    0x08003098   0x08003098   0x00000010   Code   RO         5080    i.__mathlib_dbl_divzero  m_ws.l(dunder.o)
    0x080030a8   0x080030a8   0x00000004   Code   RO         5082    i.__mathlib_dbl_infnan2  m_ws.l(dunder.o)
    0x080030ac   0x080030ac   0x0000000c   Code   RO         5083    i.__mathlib_dbl_invalid  m_ws.l(dunder.o)
    0x080030b8   0x080030b8   0x0000000e   Code   RO         5084    i.__mathlib_dbl_overflow  m_ws.l(dunder.o)
    0x080030c6   0x080030c6   0x00000002   PAD
    0x080030c8   0x080030c8   0x00000010   Code   RO         5086    i.__mathlib_dbl_underflow  m_ws.l(dunder.o)
    0x080030d8   0x080030d8   0x0000000e   Code   RO         4970    i._is_digit         c_w.l(__printf_wp.o)
    0x080030e6   0x080030e6   0x00000002   PAD
    0x080030e8   0x080030e8   0x00000040   Code   RO         4822    i.esp8266_init      esp8266.o
    0x08003128   0x08003128   0x00000020   Code   RO         4676    i.foreward          motor.o
    0x08003148   0x08003148   0x00000022   Code   RO           16    i.main              main.o
    0x0800316a   0x0800316a   0x0000001a   Code   RO         4462    i.mdelay            delay.o
    0x08003184   0x08003184   0x0000000e   Code   RO         3758    i.osDelay           cmsis_os.o
    0x08003192   0x08003192   0x0000000a   Code   RO         3761    i.osKernelStart     cmsis_os.o
    0x0800319c   0x0800319c   0x00000026   Code   RO         3770    i.osMessageCreate   cmsis_os.o
    0x080031c2   0x080031c2   0x00000002   PAD
    0x080031c4   0x080031c4   0x000009d8   Code   RO         5026    i.pow               m_ws.l(pow.o)
    0x08003b9c   0x08003b9c   0x00000070   Code   RO         3432    i.prvAddCurrentTaskToDelayedList  tasks.o
    0x08003c0c   0x08003c0c   0x000000d0   Code   RO         3433    i.prvAddNewTaskToReadyList  tasks.o
    0x08003cdc   0x08003cdc   0x00000026   Code   RO         3108    i.prvCopyDataFromQueue  queue.o
    0x08003d02   0x08003d02   0x0000006c   Code   RO         3109    i.prvCopyDataToQueue  queue.o
    0x08003d6e   0x08003d6e   0x00000034   Code   RO         3434    i.prvDeleteTCB      tasks.o
    0x08003da2   0x08003da2   0x00000002   PAD
    0x08003da4   0x08003da4   0x0000004c   Code   RO         4123    i.prvHeapInit       heap_4.o
    0x08003df0   0x08003df0   0x00000060   Code   RO         3435    i.prvIdleTask       tasks.o
    0x08003e50   0x08003e50   0x00000016   Code   RO         3110    i.prvInitialiseMutex  queue.o
    0x08003e66   0x08003e66   0x00000016   Code   RO         3111    i.prvInitialiseNewQueue  queue.o
    0x08003e7c   0x08003e7c   0x000000b0   Code   RO         3436    i.prvInitialiseNewTask  tasks.o
    0x08003f2c   0x08003f2c   0x0000004c   Code   RO         4124    i.prvInsertBlockIntoFreeList  heap_4.o
    0x08003f78   0x08003f78   0x0000001c   Code   RO         3112    i.prvIsQueueEmpty   queue.o
    0x08003f94   0x08003f94   0x00000020   Code   RO         3437    i.prvResetNextTaskUnblockTime  tasks.o
    0x08003fb4   0x08003fb4   0x00000028   Code   RO         4192    i.prvTaskExitError  port.o
    0x08003fdc   0x08003fdc   0x0000006a   Code   RO         3113    i.prvUnlockQueue    queue.o
    0x08004046   0x08004046   0x00000002   PAD
    0x08004048   0x08004048   0x000000dc   Code   RO         4125    i.pvPortMalloc      heap_4.o
    0x08004124   0x08004124   0x00000018   Code   RO         3439    i.pvTaskIncrementMutexHeldCount  tasks.o
    0x0800413c   0x0800413c   0x00000024   Code   RO         4193    i.pxPortInitialiseStack  port.o
    0x08004160   0x08004160   0x00000020   Code   RO         4677    i.reversal          motor.o
    0x08004180   0x08004180   0x00000018   Code   RO         4678    i.set_speed         motor.o
    0x08004198   0x08004198   0x0000004c   Code   RO         5100    i.sqrt              m_ws.l(sqrt.o)
    0x080041e4   0x080041e4   0x00000044   Code   RO         4463    i.system_get_ns     delay.o
    0x08004228   0x08004228   0x00000144   Code   RO          222    i.task_esp8266      freertos.o
    0x0800436c   0x0800436c   0x00000058   Code   RO          223    i.task_get_sensor_data  freertos.o
    0x080043c4   0x080043c4   0x00000068   Code   RO          224    i.task_hum_thresholds  freertos.o
    0x0800442c   0x0800442c   0x00000090   Code   RO          225    i.task_light_thresholds  freertos.o
    0x080044bc   0x080044bc   0x0000008c   Code   RO          226    i.task_oled_show    freertos.o
    0x08004548   0x08004548   0x00000078   Code   RO          227    i.task_temp_thresholds  freertos.o
    0x080045c0   0x080045c0   0x00000090   Code   RO          228    i.task_thresholds   freertos.o
    0x08004650   0x08004650   0x0000000c   Code   RO         4679    i.turn_off_motor    motor.o
    0x0800465c   0x0800465c   0x0000001a   Code   RO         4680    i.turn_on_motor     motor.o
    0x08004676   0x08004676   0x00000002   PAD
    0x08004678   0x08004678   0x00000038   Code   RO         4464    i.udelay            delay.o
    0x080046b0   0x080046b0   0x00000026   Code   RO         3068    i.uxListRemove      list.o
    0x080046d6   0x080046d6   0x00000002   PAD
    0x080046d8   0x080046d8   0x00000014   Code   RO          229    i.vApplicationGetIdleTaskMemory  freertos.o
    0x080046ec   0x080046ec   0x00000016   Code   RO         3069    i.vListInitialise   list.o
    0x08004702   0x08004702   0x00000006   Code   RO         3070    i.vListInitialiseItem  list.o
    0x08004708   0x08004708   0x00000030   Code   RO         3071    i.vListInsert       list.o
    0x08004738   0x08004738   0x00000018   Code   RO         3072    i.vListInsertEnd    list.o
    0x08004750   0x08004750   0x00000040   Code   RO         4195    i.vPortEnterCritical  port.o
    0x08004790   0x08004790   0x00000028   Code   RO         4196    i.vPortExitCritical  port.o
    0x080047b8   0x080047b8   0x00000064   Code   RO         4126    i.vPortFree         heap_4.o
    0x0800481c   0x0800481c   0x00000024   Code   RO         4197    i.vPortSetupTimerInterrupt  port.o
    0x08004840   0x08004840   0x0000004c   Code   RO         3447    i.vTaskDelay        tasks.o
    0x0800488c   0x0800488c   0x00000010   Code   RO         3450    i.vTaskInternalSetTimeOutState  tasks.o
    0x0800489c   0x0800489c   0x0000000c   Code   RO         3451    i.vTaskMissedYield  tasks.o
    0x080048a8   0x080048a8   0x00000030   Code   RO         3453    i.vTaskPlaceOnEventList  tasks.o
    0x080048d8   0x080048d8   0x000000a0   Code   RO         3455    i.vTaskPriorityDisinheritAfterTimeout  tasks.o
    0x08004978   0x08004978   0x0000006c   Code   RO         3460    i.vTaskStartScheduler  tasks.o
    0x080049e4   0x080049e4   0x00000010   Code   RO         3462    i.vTaskSuspendAll   tasks.o
    0x080049f4   0x080049f4   0x0000005c   Code   RO         3463    i.vTaskSwitchContext  tasks.o
    0x08004a50   0x08004a50   0x000000a8   Code   RO         4199    i.xPortStartScheduler  port.o
    0x08004af8   0x08004af8   0x00000016   Code   RO         3120    i.xQueueCreateMutex  queue.o
    0x08004b0e   0x08004b0e   0x00000042   Code   RO         3122    i.xQueueGenericCreate  queue.o
    0x08004b50   0x08004b50   0x00000066   Code   RO         3123    i.xQueueGenericCreateStatic  queue.o
    0x08004bb6   0x08004bb6   0x00000002   PAD
    0x08004bb8   0x08004bb8   0x00000088   Code   RO         3124    i.xQueueGenericReset  queue.o
    0x08004c40   0x08004c40   0x00000160   Code   RO         3125    i.xQueueGenericSend  queue.o
    0x08004da0   0x08004da0   0x00000138   Code   RO         3132    i.xQueueReceive     queue.o
    0x08004ed8   0x08004ed8   0x00000178   Code   RO         3134    i.xQueueSemaphoreTake  queue.o
    0x08005050   0x08005050   0x00000074   Code   RO         3465    i.xTaskCheckForTimeOut  tasks.o
    0x080050c4   0x080050c4   0x0000005a   Code   RO         3466    i.xTaskCreate       tasks.o
    0x0800511e   0x0800511e   0x00000056   Code   RO         3467    i.xTaskCreateStatic  tasks.o
    0x08005174   0x08005174   0x0000001c   Code   RO         3471    i.xTaskGetSchedulerState  tasks.o
    0x08005190   0x08005190   0x000000cc   Code   RO         3474    i.xTaskIncrementTick  tasks.o
    0x0800525c   0x0800525c   0x00000098   Code   RO         3477    i.xTaskPriorityDisinherit  tasks.o
    0x080052f4   0x080052f4   0x0000008c   Code   RO         3478    i.xTaskPriorityInherit  tasks.o
    0x08005380   0x08005380   0x00000074   Code   RO         3479    i.xTaskRemoveFromEventList  tasks.o
    0x080053f4   0x080053f4   0x000000c4   Code   RO         3480    i.xTaskResumeAll    tasks.o
    0x080054b8   0x080054b8   0x00000062   Code   RO         5005    x$fpl$d2f           fz_ws.l(d2f.o)
    0x0800551a   0x0800551a   0x00000002   PAD
    0x0800551c   0x0800551c   0x00000150   Code   RO         5059    x$fpl$dadd          fz_ws.l(daddsub_clz.o)
    0x0800566c   0x0800566c   0x00000010   Code   RO         5145    x$fpl$dcheck1       fz_ws.l(dcheck1.o)
    0x0800567c   0x0800567c   0x00000018   Code   RO         5313    x$fpl$dcmpinf       fz_ws.l(dcmpi.o)
    0x08005694   0x08005694   0x000002b0   Code   RO         5008    x$fpl$ddiv          fz_ws.l(ddiv.o)
    0x08005944   0x08005944   0x0000005e   Code   RO         5011    x$fpl$dfix          fz_ws.l(dfix.o)
    0x080059a2   0x080059a2   0x0000002e   Code   RO         5016    x$fpl$dflt          fz_ws.l(dflt_clz.o)
    0x080059d0   0x080059d0   0x00000026   Code   RO         5015    x$fpl$dfltu         fz_ws.l(dflt_clz.o)
    0x080059f6   0x080059f6   0x00000002   PAD
    0x080059f8   0x080059f8   0x00000078   Code   RO         5147    x$fpl$dleqf         fz_ws.l(dleqf.o)
    0x08005a70   0x08005a70   0x00000154   Code   RO         5065    x$fpl$dmul          fz_ws.l(dmul.o)
    0x08005bc4   0x08005bc4   0x0000009c   Code   RO         5067    x$fpl$dnaninf       fz_ws.l(dnaninf.o)
    0x08005c60   0x08005c60   0x0000000c   Code   RO         5069    x$fpl$dretinf       fz_ws.l(dretinf.o)
    0x08005c6c   0x08005c6c   0x0000006c   Code   RO         5071    x$fpl$drleqf        fz_ws.l(drleqf.o)
    0x08005cd8   0x08005cd8   0x00000016   Code   RO         5060    x$fpl$drsb          fz_ws.l(daddsub_clz.o)
    0x08005cee   0x08005cee   0x00000002   PAD
    0x08005cf0   0x08005cf0   0x000001cc   Code   RO         5149    x$fpl$dsqrt         fz_ws.l(dsqrt_noumaal.o)
    0x08005ebc   0x08005ebc   0x000001d4   Code   RO         5061    x$fpl$dsub          fz_ws.l(daddsub_clz.o)
    0x08006090   0x08006090   0x00000036   Code   RO         5021    x$fpl$ffix          fz_ws.l(ffix.o)
    0x080060c6   0x080060c6   0x0000008c   Code   RO         5073    x$fpl$fnaninf       fz_ws.l(fnaninf.o)
    0x08006152   0x08006152   0x0000000a   Code   RO         5075    x$fpl$fretinf       fz_ws.l(fretinf.o)
    0x0800615c   0x0800615c   0x00000064   Code   RO         5315    x$fpl$retnan        fz_ws.l(retnan.o)
    0x080061c0   0x080061c0   0x0000005c   Code   RO         5077    x$fpl$scalbn        fz_ws.l(scalbn.o)
    0x0800621c   0x0800621c   0x00000030   Code   RO         5373    x$fpl$trapveneer    fz_ws.l(trapv.o)
    0x0800624c   0x0800624c   0x00000000   Code   RO         5079    x$fpl$usenofp       fz_ws.l(usenofp.o)
    0x0800624c   0x0800624c   0x00000010   Data   RO          231    .constdata          freertos.o
    0x0800625c   0x0800625c   0x00000012   Data   RO          804    .constdata          stm32f1xx_hal_rcc.o
    0x0800626e   0x0800626e   0x00000010   Data   RO         2931    .constdata          system_stm32f1xx.o
    0x0800627e   0x0800627e   0x00000008   Data   RO         2932    .constdata          system_stm32f1xx.o
    0x08006286   0x08006286   0x000005f0   Data   RO         4284    .constdata          oled.o
    0x08006876   0x08006876   0x00000002   PAD
    0x08006878   0x08006878   0x00000054   Data   RO         4603    .constdata          ir_receiver.o
    0x080068cc   0x080068cc   0x00000011   Data   RO         4973    .constdata          c_w.l(__printf_flags_wp.o)
    0x080068dd   0x080068dd   0x00000003   PAD
    0x080068e0   0x080068e0   0x00000088   Data   RO         5027    .constdata          m_ws.l(pow.o)
    0x08006968   0x08006968   0x00000008   Data   RO         5098    .constdata          m_ws.l(qnan.o)
    0x08006970   0x08006970   0x00000071   Data   RO         4604    .conststring        ir_receiver.o
    0x080069e1   0x080069e1   0x00000003   PAD
    0x080069e4   0x080069e4   0x00000020   Data   RO         5452    Region$$Table       anon$$obj.o


    Execution Region RW_IRAM1 (Exec base: 0x20000000, Load base: 0x08006a04, Size: 0x000025e8, Max: 0x00005000, ABSOLUTE)

    Exec Addr    Load Addr    Size         Type   Attr      Idx    E Section Name        Object

    0x20000000   0x08006a04   0x0000004c   Data   RW          232    .data               freertos.o
    0x2000004c   0x08006a50   0x0000000c   Data   RW          641    .data               stm32f1xx_hal.o
    0x20000058   0x08006a5c   0x00000004   Data   RW         2933    .data               system_stm32f1xx.o
    0x2000005c   0x08006a60   0x0000003c   Data   RW         3483    .data               tasks.o
    0x20000098   0x08006a9c   0x00000020   Data   RW         4132    .data               heap_4.o
    0x200000b8   0x08006abc   0x0000000c   Data   RW         4200    .data               port.o
    0x200000c4   0x08006ac8   0x00000004   PAD
    0x200000c8   0x08006acc   0x00000018   Data   RW         4605    .data               ir_receiver.o
    0x200000e0   0x08006ae4   0x0000000c   Data   RW         4824    .data               esp8266.o
    0x200000ec        -       0x00000278   Zero   RW          230    .bss                freertos.o
    0x20000364        -       0x00000048   Zero   RW          355    .bss                tim.o
    0x200003ac        -       0x00000090   Zero   RW          403    .bss                usart.o
    0x2000043c        -       0x00000048   Zero   RW          544    .bss                stm32f1xx_hal_timebase_tim.o
    0x20000484        -       0x000000f0   Zero   RW         3482    .bss                tasks.o
    0x20000574        -       0x00000c00   Zero   RW         4131    .bss                heap_4.o
    0x20001174   0x08006af0   0x00000004   PAD
    0x20001178        -       0x000002a0   Zero   RW         4602    .bss                ir_receiver.o
    0x20001418        -       0x0000010c   Zero   RW         4823    .bss                esp8266.o
    0x20001524        -       0x00000064   Zero   RW         4912    .bss                super_pc.o
    0x20001588        -       0x00000060   Zero   RW         5157    .bss                c_w.l(libspace.o)
    0x200015e8        -       0x00000800   Zero   RW            2    HEAP                startup_stm32f103xb.o
    0x20001de8        -       0x00000800   Zero   RW            1    STACK               startup_stm32f103xb.o


==============================================================================

Image component sizes


      Code (inc. data)   RO Data    RW Data    ZI Data      Debug   Object Name

       144          4          0          0          0       2468   bh1750.o
       182          0          0          0          0       3521   buffer.o
        44          6          0          0          0        491   buzzer.o
        62          0          0          0          0      22618   cmsis_os.o
       150         14          0          0          0       2286   delay.o
       304         18          0          0          0       4090   dht11.o
       476         94          0         12        268       4872   esp8266.o
         0          0          0          0          0      20108   event_groups.o
      1504        424         16         76        632       8176   freertos.o
       308         22          0          0          0       1023   gpio.o
       472         24          0         32       3072       7327   heap_4.o
       898        122        197         24        672       7291   ir_receiver.o
       138          0          0          0          0       3390   list.o
       152          6          0          0          0     460380   main.o
       126         16          0          0          0       2871   motor.o
       282         18          0          0          0       4957   myi2c.o
       846         26       1520          0          0       8822   oled.o
       578         60          0         12          0      10252   port.o
      1690         18          0          0          0      17457   queue.o
        64         26        236          0       4096        812   startup_stm32f103xb.o
       100         18          0         12          0       5242   stm32f1xx_hal.o
       158         14          0          0          0      28182   stm32f1xx_hal_cortex.o
       524         40          0          0          0       4114   stm32f1xx_hal_gpio.o
        72         10          0          0          0        870   stm32f1xx_hal_msp.o
      1304         94         18          0          0       5737   stm32f1xx_hal_rcc.o
      1850         60          0          0          0      16849   stm32f1xx_hal_tim.o
       108         12          0          0          0       2401   stm32f1xx_hal_tim_ex.o
       152         20          0          0         72       1475   stm32f1xx_hal_timebase_tim.o
       718          6          0          0          0       6014   stm32f1xx_hal_uart.o
        32          6          0          0          0       3454   stm32f1xx_it.o
         0          0          0          0          0        392   stream_buffer.o
       132         10          0          0        100       1388   super_pc.o
         2          0         24          4          0       1119   system_stm32f1xx.o
      2356        174          0         60        240      27071   tasks.o
       256         20          0          0         72       2292   tim.o
       300         38          0          0        144       2343   usart.o

    ----------------------------------------------------------------------
     16518       1420       2048        236       9372     702155   Object Totals
         0          0         32          0          0          0   (incl. Generated)
        34          0          5          4          4          0   (incl. Padding)

    ----------------------------------------------------------------------

      Code (inc. data)   RO Data    RW Data    ZI Data      Debug   Library Member Name

         8          0          0          0          0         68   __main.o
       312          4         17          0          0         92   __printf_flags_wp.o
        14          0          0          0          0         68   __printf_wp.o
         0          0          0          0          0          0   __rtentry.o
        12          0          0          0          0          0   __rtentry2.o
         6          0          0          0          0          0   __rtentry4.o
        52          8          0          0          0          0   __scatter.o
        26          0          0          0          0          0   __scatter_copy.o
        28          0          0          0          0          0   __scatter_zi.o
        44          0          0          0          0        108   _printf_char.o
        48          6          0          0          0         96   _printf_char_common.o
         6          0          0          0          0          0   _printf_d.o
       120         16          0          0          0         92   _printf_dec.o
       178          0          0          0          0         88   _printf_intcommon.o
        78          0          0          0          0        108   _printf_pad.o
         0          0          0          0          0          0   _printf_percent.o
         4          0          0          0          0          0   _printf_percent_end.o
         6          0          0          0          0          0   _printf_s.o
        82          0          0          0          0         80   _printf_str.o
        22          0          0          0          0        100   _rserrno.o
        10          0          0          0          0         68   _sputc.o
        16          0          0          0          0         68   aeabi_memset.o
        18          0          0          0          0         80   exit.o
         6          0          0          0          0        152   heapauxi.o
         0          0          0          0          0          0   indicate_semi.o
         2          0          0          0          0          0   libinit.o
         2          0          0          0          0          0   libinit2.o
         2          0          0          0          0          0   libshutdown.o
         2          0          0          0          0          0   libshutdown2.o
         8          4          0          0         96         68   libspace.o
       238          0          0          0          0        100   lludivv7m.o
        40          6          0          0          0         84   noretval__2sprintf.o
         8          4          0          0          0         68   rt_errno_addr_intlibspace.o
        68          0          0          0          0         68   rt_memclr.o
        78          0          0          0          0         80   rt_memclr_w.o
       138          0          0          0          0         68   rt_memcpy_v6.o
       100          0          0          0          0         80   rt_memcpy_w.o
         2          0          0          0          0          0   rtexit.o
        10          0          0          0          0          0   rtexit2.o
        72          0          0          0          0         80   strcpy.o
        62          0          0          0          0         76   strlen.o
        36          0          0          0          0         80   strstr.o
        12          4          0          0          0         68   sys_exit.o
        74          0          0          0          0         80   sys_stackheap_outer.o
         2          0          0          0          0         68   use_no_semi.o
        98          4          0          0          0         92   d2f.o
       826         16          0          0          0        348   daddsub_clz.o
        16          4          0          0          0         68   dcheck1.o
        24          0          0          0          0         68   dcmpi.o
       688        140          0          0          0        208   ddiv.o
        94          4          0          0          0         92   dfix.o
        84          0          0          0          0        136   dflt_clz.o
       120          4          0          0          0         92   dleqf.o
       340         12          0          0          0        104   dmul.o
       156          4          0          0          0         92   dnaninf.o
        12          0          0          0          0         68   dretinf.o
       108          0          0          0          0         80   drleqf.o
       460         56          0          0          0        120   dsqrt_noumaal.o
        54          4          0          0          0         84   ffix.o
       140          4          0          0          0         84   fnaninf.o
        10          0          0          0          0         68   fretinf.o
       100          0          0          0          0         68   retnan.o
        92          0          0          0          0         68   scalbn.o
        48          0          0          0          0         68   trapv.o
         0          0          0          0          0          0   usenofp.o
        62         10          0          0          0        340   dunder.o
        40          0          0          0          0         68   fpclassify.o
       170          0          0          0          0         96   poly.o
      2520        190        136          0          0        324   pow.o
         0          0          8          0          0          0   qnan.o
        76          0          0          0          0         84   sqrt.o

    ----------------------------------------------------------------------
      8410        504        164          0         96       5256   Library Totals
        20          0          3          0          0          0   (incl. Padding)

    ----------------------------------------------------------------------

      Code (inc. data)   RO Data    RW Data    ZI Data      Debug   Library Name

      2052         52         17          0         96       2336   c_w.l
      3470        252          0          0          0       2008   fz_ws.l
      2868        200        144          0          0        912   m_ws.l

    ----------------------------------------------------------------------
      8410        504        164          0         96       5256   Library Totals

    ----------------------------------------------------------------------

==============================================================================


      Code (inc. data)   RO Data    RW Data    ZI Data      Debug   

     24928       1924       2212        236       9468     694355   Grand Totals
     24928       1924       2212        236       9468     694355   ELF Image Totals
     24928       1924       2212        236          0          0   ROM Totals

==============================================================================

    Total RO  Size (Code + RO Data)                27140 (  26.50kB)
    Total RW  Size (RW Data + ZI Data)              9704 (   9.48kB)
    Total ROM Size (Code + RO Data + RW Data)      27376 (  26.73kB)

==============================================================================

